var boot_msg = [
    "[    0.000000] microcode: microcode updated early to revision 0xd6, date = 2019-10-03",
    "[    0.000000] Linux version 5.6.12-300.fc32.x86_64 (mockbuild@bkernel03.phx2.fedoraproject.org) (gcc version 10.1.1 20200507 (Red Hat 10.1.1-1) (GCC)) #1 SMP Mon May 11 16:47:13 UTC 2020",
    "[    0.000000] Command line: BOOT_IMAGE=(hd0,msdos3)/root/boot/vmlinuz-5.6.12-300.fc32.x86_64 root=UUID=3c253273-5b89-42db-8be7-66fb70e5c501 ro rootflags=subvol=root resume=UUID=61e6b1b6-5491-4457-be4e-4e348aacd7a3 rhgb quiet",
    "[    0.000000] x86/fpu: Supporting XSAVE feature 0x001: 'x87 floating point registers'",
    "[    0.000000] x86/fpu: Supporting XSAVE feature 0x002: 'SSE registers'",
    "[    0.000000] x86/fpu: Supporting XSAVE feature 0x004: 'AVX registers'",
    "[    0.000000] x86/fpu: Supporting XSAVE feature 0x008: 'MPX bounds registers'",
    "[    0.000000] x86/fpu: Supporting XSAVE feature 0x010: 'MPX CSR'",
    "[    0.000000] x86/fpu: xstate_offset[2]:  576, xstate_sizes[2]:  256",
    "[    0.000000] x86/fpu: xstate_offset[3]:  832, xstate_sizes[3]:   64",
    "[    0.000000] x86/fpu: xstate_offset[4]:  896, xstate_sizes[4]:   64",
    "[    0.000000] x86/fpu: Enabled xstate features 0x1f, context size is 960 bytes, using 'compacted' format.",
    "[    0.000000] BIOS-provided physical RAM map:",
    "[    0.000000] BIOS-e820: [mem 0x0000000000000000-0x0000000000000fff] reserved",
    "[    0.000000] BIOS-e820: [mem 0x0000000000001000-0x0000000000057fff] usable",
    "[    0.000000] BIOS-e820: [mem 0x0000000000058000-0x0000000000058fff] reserved",
    "[    0.000000] BIOS-e820: [mem 0x0000000000059000-0x000000000009cfff] usable",
    "[    0.000000] BIOS-e820: [mem 0x000000000009d000-0x00000000000fffff] reserved",
    "[    0.000000] BIOS-e820: [mem 0x0000000000100000-0x00000000a26ebfff] usable",
    "[    0.000000] BIOS-e820: [mem 0x00000000a26ec000-0x00000000a26ecfff] ACPI NVS",
    "[    0.000000] BIOS-e820: [mem 0x00000000a26ed000-0x00000000a26edfff] reserved",
    "[    0.000000] BIOS-e820: [mem 0x00000000a26ee000-0x00000000a8281fff] usable",
    "[    0.000000] BIOS-e820: [mem 0x00000000a8282000-0x00000000a85f7fff] reserved",
    "[    0.000000] BIOS-e820: [mem 0x00000000a85f8000-0x00000000a862ffff] ACPI data",
    "[    0.000000] BIOS-e820: [mem 0x00000000a8630000-0x00000000a8f17fff] ACPI NVS",
    "[    0.000000] BIOS-e820: [mem 0x00000000a8f18000-0x00000000a95fdfff] reserved",
    "[    0.000000] BIOS-e820: [mem 0x00000000a95fe000-0x00000000a95fefff] usable",
    "[    0.000000] BIOS-e820: [mem 0x00000000a95ff000-0x00000000af7fffff] reserved",
    "[    0.000000] BIOS-e820: [mem 0x00000000e0000000-0x00000000efffffff] reserved",
    "[    0.000000] BIOS-e820: [mem 0x00000000fe000000-0x00000000fe010fff] reserved",
    "[    0.000000] BIOS-e820: [mem 0x00000000fec00000-0x00000000fec00fff] reserved",
    "[    0.000000] BIOS-e820: [mem 0x00000000fee00000-0x00000000fee00fff] reserved",
    "[    0.000000] BIOS-e820: [mem 0x00000000ff000000-0x00000000ffffffff] reserved",
    "[    0.000000] BIOS-e820: [mem 0x0000000100000000-0x000000014f7fffff] usable",
    "[    0.000000] NX (Execute Disable) protection: active",
    "[    0.000000] e820: update [mem 0xa04b3018-0xa04c3057] usable ==> usable",
    "[    0.000000] e820: update [mem 0xa04b3018-0xa04c3057] usable ==> usable",
    "[    0.000000] extended physical RAM map:",
    "[    0.000000] reserve setup_data: [mem 0x0000000000000000-0x0000000000000fff] reserved",
    "[    0.000000] reserve setup_data: [mem 0x0000000000001000-0x0000000000057fff] usable",
    "[    0.000000] reserve setup_data: [mem 0x0000000000058000-0x0000000000058fff] reserved",
    "[    0.000000] reserve setup_data: [mem 0x0000000000059000-0x000000000009cfff] usable",
    "[    0.000000] reserve setup_data: [mem 0x000000000009d000-0x00000000000fffff] reserved",
    "[    0.000000] reserve setup_data: [mem 0x0000000000100000-0x00000000a04b3017] usable",
    "[    0.000000] reserve setup_data: [mem 0x00000000a04b3018-0x00000000a04c3057] usable",
    "[    0.000000] reserve setup_data: [mem 0x00000000a04c3058-0x00000000a26ebfff] usable",
    "[    0.000000] reserve setup_data: [mem 0x00000000a26ec000-0x00000000a26ecfff] ACPI NVS",
    "[    0.000000] reserve setup_data: [mem 0x00000000a26ed000-0x00000000a26edfff] reserved",
    "[    0.000000] reserve setup_data: [mem 0x00000000a26ee000-0x00000000a8281fff] usable",
    "[    0.000000] reserve setup_data: [mem 0x00000000a8282000-0x00000000a85f7fff] reserved",
    "[    0.000000] reserve setup_data: [mem 0x00000000a85f8000-0x00000000a862ffff] ACPI data",
    "[    0.000000] reserve setup_data: [mem 0x00000000a8630000-0x00000000a8f17fff] ACPI NVS",
    "[    0.000000] reserve setup_data: [mem 0x00000000a8f18000-0x00000000a95fdfff] reserved",
    "[    0.000000] reserve setup_data: [mem 0x00000000a95fe000-0x00000000a95fefff] usable",
    "[    0.000000] reserve setup_data: [mem 0x00000000a95ff000-0x00000000af7fffff] reserved",
    "[    0.000000] reserve setup_data: [mem 0x00000000e0000000-0x00000000efffffff] reserved",
    "[    0.000000] reserve setup_data: [mem 0x00000000fe000000-0x00000000fe010fff] reserved",
    "[    0.000000] reserve setup_data: [mem 0x00000000fec00000-0x00000000fec00fff] reserved",
    "[    0.000000] reserve setup_data: [mem 0x00000000fee00000-0x00000000fee00fff] reserved",
    "[    0.000000] reserve setup_data: [mem 0x00000000ff000000-0x00000000ffffffff] reserved",
    "[    0.000000] reserve setup_data: [mem 0x0000000100000000-0x000000014f7fffff] usable",
    "[    0.000000] efi: EFI v2.40 by American Megatrends",
    "[    0.000000] efi:  ACPI=0xa8603000  ACPI 2.0=0xa8603000  SMBIOS=0xf0000  SMBIOS 3.0=0xf0020  ESRT=0xa92a9018 ",
    "[    0.000000] secureboot: Secure boot enabled",
    "[    0.000000] Kernel is locked down from EFI Secure Boot mode; see man kernel_lockdown.7",
    "[    0.000000] SMBIOS 3.1.1 present.",
    "[    0.000000] DMI: Dell Inc. Inspiron 15-3567/06J0HF, BIOS 2.9.0 01/17/2019",
    "[    0.000000] tsc: Detected 2000.000 MHz processor",
    "[    0.000951] tsc: Detected 1999.968 MHz TSC",
    "[    0.000951] e820: update [mem 0x00000000-0x00000fff] usable ==> reserved",
    "[    0.000953] e820: remove [mem 0x000a0000-0x000fffff] usable",
    "[    0.000960] last_pfn = 0x14f800 max_arch_pfn = 0x400000000",
    "[    0.000964] MTRR default type: write-back",
    "[    0.000965] MTRR fixed ranges enabled:",
    "[    0.000966]   00000-9FFFF write-back",
    "[    0.000967]   A0000-BFFFF uncachable",
    "[    0.000968]   C0000-FFFFF write-protect",
    "[    0.000969] MTRR variable ranges enabled:",
    "[    0.000970]   0 base 00C0000000 mask 7FC0000000 uncachable",
    "[    0.000972]   1 base 00B0000000 mask 7FF0000000 uncachable",
    "[    0.000972]   2 base 00AC000000 mask 7FFC000000 uncachable",
    "[    0.000973]   3 base 00AB000000 mask 7FFF000000 uncachable",
    "[    0.000974]   4 disabled",
    "[    0.000974]   5 disabled",
    "[    0.000975]   6 disabled",
    "[    0.000975]   7 disabled",
    "[    0.000976]   8 disabled",
    "[    0.000976]   9 disabled",
    "[    0.001357] x86/PAT: Configuration [0-7]: WB  WC  UC- UC  WB  WP  UC- WT  ",
    "[    0.001499] last_pfn = 0xa95ff max_arch_pfn = 0x400000000",
    "[    0.012521] esrt: Reserving ESRT space from 0x00000000a92a9018 to 0x00000000a92a9050.",
    "[    0.012529] Using GB pages for direct mapping",
    "[    0.012531] BRK [0x0a801000, 0x0a801fff] PGTABLE",
    "[    0.012533] BRK [0x0a802000, 0x0a802fff] PGTABLE",
    "[    0.012534] BRK [0x0a803000, 0x0a803fff] PGTABLE",
    "[    0.012594] BRK [0x0a804000, 0x0a804fff] PGTABLE",
    "[    0.012596] BRK [0x0a805000, 0x0a805fff] PGTABLE",
    "[    0.013133] BRK [0x0a806000, 0x0a806fff] PGTABLE",
    "[    0.013220] BRK [0x0a807000, 0x0a807fff] PGTABLE",
    "[    0.013312] secureboot: Secure boot enabled",
    "[    0.013313] RAMDISK: [mem 0x5e0d0000-0x6003efff]",
    "[    0.013337] ACPI: Early table checksum verification disabled",
    "[    0.013343] ACPI: RSDP 0x00000000A8603000 000024 (v02 DELL  )",
    "[    0.013347] ACPI: XSDT 0x00000000A86030B0 0000E4 (v01 DELL   CBX3     01072009 AMI  00010013)",
    "[    0.013353] ACPI: FACP 0x00000000A86274C0 00010C (v05 DELL   CBX3     01072009 AMI  00010013)",
    "[    0.013358] ACPI: DSDT 0x00000000A8603228 024297 (v02 DELL   CBX3     01072009 INTL 20160422)",
    "[    0.013361] ACPI: FACS 0x00000000A8F15180 000040",
    "[    0.013363] ACPI: APIC 0x00000000A86275D0 000084 (v03 DELL   CBX3     01072009 AMI  00010013)",
    "[    0.013366] ACPI: FPDT 0x00000000A8627658 000044 (v01 DELL   CBX3     01072009 AMI  00010013)",
    "[    0.013369] ACPI: FIDT 0x00000000A86276A0 0000AC (v01 DELL   CBX3     01072009 AMI  00010013)",
    "[    0.013371] ACPI: MCFG 0x00000000A8627750 00003C (v01 DELL   CBX3     01072009 MSFT 00000097)",
    "[    0.013374] ACPI: HPET 0x00000000A8627790 000038 (v01 DELL   CBX3     01072009 AMI. 0005000B)",
    "[    0.013377] ACPI: SSDT 0x00000000A86277C8 000359 (v01 SataRe SataTabl 00001000 INTL 20160422)",
    "[    0.013379] ACPI: BOOT 0x00000000A8627B28 000028 (v01 DELL   CBX3     01072009 AMI  00010013)",
    "[    0.013382] ACPI: SSDT 0x00000000A8627B50 0012EA (v02 SaSsdt SaSsdt   00003000 INTL 20160422)",
    "[    0.013385] ACPI: HPET 0x00000000A8628E40 000038 (v01 INTEL  SKL-ULT  00000001 MSFT 0000005F)",
    "[    0.013388] ACPI: SSDT 0x00000000A8628E78 000A34 (v02 INTEL  xh_OEMBD 00000000 INTL 20160422)",
    "[    0.013391] ACPI: UEFI 0x00000000A86298B0 000042 (v01                 00000000      00000000)",
    "[    0.013393] ACPI: SSDT 0x00000000A86298F8 000EDE (v02 CpuRef CpuSsdt  00003000 INTL 20160422)",
    "[    0.013396] ACPI: LPIT 0x00000000A862A7D8 000094 (v01 INTEL  SKL-ULT  00000000 MSFT 0000005F)",
    "[    0.013399] ACPI: WSMT 0x00000000A862A870 000028 (v01 INTEL  SKL-ULT  00000000 MSFT 0000005F)",
    "[    0.013401] ACPI: SSDT 0x00000000A862A898 00029F (v02 INTEL  sensrhub 00000000 INTL 20160422)",
    "[    0.013404] ACPI: SSDT 0x00000000A862AB38 000E3F (v02 INTEL  PtidDevc 00001000 INTL 20160422)",
    "[    0.013407] ACPI: DBGP 0x00000000A862B978 000034 (v01 INTEL           00000002 MSFT 0000005F)",
    "[    0.013409] ACPI: DBG2 0x00000000A862B9B0 000061 (v00 INTEL           00000002 MSFT 0000005F)",
    "[    0.013412] ACPI: SSDT 0x00000000A862BA18 003EA6 (v02 DptfTa DptfTabl 00001000 INTL 20160422)",
    "[    0.013415] ACPI: MSDM 0x00000000A862F8C0 000055 (v03 DELL   CBX3     06222004 AMI  00010013)",
    "[    0.013417] ACPI: SLIC 0x00000000A862F918 000176 (v03 DELL   CBX3     01072009 MSFT 00010013)",
    "[    0.013420] ACPI: DMAR 0x00000000A862FA90 0000F0 (v01 INTEL  EDK2     00000001 INTL 00000001)",
    "[    0.013423] ACPI: BGRT 0x00000000A862FB80 000038 (v00                 01072009 AMI  00010013)",
    "[    0.013433] ACPI: Local APIC address 0xfee00000",
    "[    0.013535] No NUMA configuration found",
    "[    0.013536] Faking a node at [mem 0x0000000000000000-0x000000014f7fffff]",
    "[    0.013550] NODE_DATA(0) allocated [mem 0x14f7d3000-0x14f7fdfff]",
    "[    0.029032] Zone ranges:",
    "[    0.029033]   DMA      [mem 0x0000000000001000-0x0000000000ffffff]",
    "[    0.029034]   DMA32    [mem 0x0000000001000000-0x00000000ffffffff]",
    "[    0.029036]   Normal   [mem 0x0000000100000000-0x000000014f7fffff]",
    "[    0.029036]   Device   empty",
    "[    0.029037] Movable zone start for each node",
    "[    0.029041] Early memory node ranges",
    "[    0.029042]   node   0: [mem 0x0000000000001000-0x0000000000057fff]",
    "[    0.029043]   node   0: [mem 0x0000000000059000-0x000000000009cfff]",
    "[    0.029044]   node   0: [mem 0x0000000000100000-0x00000000a26ebfff]",
    "[    0.029045]   node   0: [mem 0x00000000a26ee000-0x00000000a8281fff]",
    "[    0.029046]   node   0: [mem 0x00000000a95fe000-0x00000000a95fefff]",
    "[    0.029046]   node   0: [mem 0x0000000100000000-0x000000014f7fffff]",
    "[    0.029564] Zeroed struct page in unavailable ranges: 34276 pages",
    "[    0.029566] Initmem setup node 0 [mem 0x0000000000001000-0x000000014f7fffff]",
    "[    0.029568] On node 0 totalpages: 1014300",
    "[    0.029569]   DMA zone: 64 pages used for memmap",
    "[    0.029570]   DMA zone: 21 pages reserved",
    "[    0.029570]   DMA zone: 3995 pages, LIFO batch:0",
    "[    0.029632]   DMA32 zone: 10699 pages used for memmap",
    "[    0.029633]   DMA32 zone: 684673 pages, LIFO batch:63",
    "[    0.041395]   Normal zone: 5088 pages used for memmap",
    "[    0.041395]   Normal zone: 325632 pages, LIFO batch:63",
    "[    0.046607] Reserving Intel graphics memory at [mem 0xab800000-0xaf7fffff]",
    "[    0.046769] ACPI: PM-Timer IO Port: 0x1808",
    "[    0.046770] ACPI: Local APIC address 0xfee00000",
    "[    0.046777] ACPI: LAPIC_NMI (acpi_id[0x01] high edge lint[0x1])",
    "[    0.046777] ACPI: LAPIC_NMI (acpi_id[0x02] high edge lint[0x1])",
    "[    0.046778] ACPI: LAPIC_NMI (acpi_id[0x03] high edge lint[0x1])",
    "[    0.046779] ACPI: LAPIC_NMI (acpi_id[0x04] high edge lint[0x1])",
    "[    0.046806] IOAPIC[0]: apic_id 2, version 32, address 0xfec00000, GSI 0-119",
    "[    0.046808] ACPI: INT_SRC_OVR (bus 0 bus_irq 0 global_irq 2 dfl dfl)",
    "[    0.046809] ACPI: INT_SRC_OVR (bus 0 bus_irq 9 global_irq 9 high level)",
    "[    0.046810] ACPI: IRQ0 used by override.",
    "[    0.046812] ACPI: IRQ9 used by override.",
    "[    0.046813] Using ACPI (MADT) for SMP configuration information",
    "[    0.046815] ACPI: HPET id: 0x8086a701 base: 0xfed00000",
    "[    0.046822] e820: update [mem 0xa5950000-0xa5994fff] usable ==> reserved",
    "[    0.046831] smpboot: Allowing 4 CPUs, 0 hotplug CPUs",
    "[    0.046853] PM: hibernation: Registered nosave memory: [mem 0x00000000-0x00000fff]",
    "[    0.046855] PM: hibernation: Registered nosave memory: [mem 0x00058000-0x00058fff]",
    "[    0.046856] PM: hibernation: Registered nosave memory: [mem 0x0009d000-0x000fffff]",
    "[    0.046858] PM: hibernation: Registered nosave memory: [mem 0xa04b3000-0xa04b3fff]",
    "[    0.046860] PM: hibernation: Registered nosave memory: [mem 0xa04c3000-0xa04c3fff]",
    "[    0.046861] PM: hibernation: Registered nosave memory: [mem 0xa26ec000-0xa26ecfff]",
    "[    0.046862] PM: hibernation: Registered nosave memory: [mem 0xa26ed000-0xa26edfff]",
    "[    0.046864] PM: hibernation: Registered nosave memory: [mem 0xa5950000-0xa5994fff]",
    "[    0.046865] PM: hibernation: Registered nosave memory: [mem 0xa8282000-0xa85f7fff]",
    "[    0.046866] PM: hibernation: Registered nosave memory: [mem 0xa85f8000-0xa862ffff]",
    "[    0.046867] PM: hibernation: Registered nosave memory: [mem 0xa8630000-0xa8f17fff]",
    "[    0.046867] PM: hibernation: Registered nosave memory: [mem 0xa8f18000-0xa95fdfff]",
    "[    0.046869] PM: hibernation: Registered nosave memory: [mem 0xa95ff000-0xaf7fffff]",
    "[    0.046870] PM: hibernation: Registered nosave memory: [mem 0xaf800000-0xdfffffff]",
    "[    0.046870] PM: hibernation: Registered nosave memory: [mem 0xe0000000-0xefffffff]",
    "[    0.046871] PM: hibernation: Registered nosave memory: [mem 0xf0000000-0xfdffffff]",
    "[    0.046871] PM: hibernation: Registered nosave memory: [mem 0xfe000000-0xfe010fff]",
    "[    0.046872] PM: hibernation: Registered nosave memory: [mem 0xfe011000-0xfebfffff]",
    "[    0.046873] PM: hibernation: Registered nosave memory: [mem 0xfec00000-0xfec00fff]",
    "[    0.046873] PM: hibernation: Registered nosave memory: [mem 0xfec01000-0xfedfffff]",
    "[    0.046874] PM: hibernation: Registered nosave memory: [mem 0xfee00000-0xfee00fff]",
    "[    0.046874] PM: hibernation: Registered nosave memory: [mem 0xfee01000-0xfeffffff]",
    "[    0.046875] PM: hibernation: Registered nosave memory: [mem 0xff000000-0xffffffff]",
    "[    0.046876] [mem 0xaf800000-0xdfffffff] available for PCI devices",
    "[    0.046878] Booting paravirtualized kernel on bare hardware",
    "[    0.046881] clocksource: refined-jiffies: mask: 0xffffffff max_cycles: 0xffffffff, max_idle_ns: 1910969940391419 ns",
    "[    0.053697] setup_percpu: NR_CPUS:8192 nr_cpumask_bits:4 nr_cpu_ids:4 nr_node_ids:1",
    "[    0.053960] percpu: Embedded 55 pages/cpu s188416 r8192 d28672 u524288",
    "[    0.053967] pcpu-alloc: s188416 r8192 d28672 u524288 alloc=1*2097152",
    "[    0.053968] pcpu-alloc: [0] 0 1 2 3 ",
    "[    0.053998] Built 1 zonelists, mobility grouping on.  Total pages: 998428",
    "[    0.053999] Policy zone: Normal",
    "[    0.054001] Kernel command line: BOOT_IMAGE=(hd0,msdos3)/root/boot/vmlinuz-5.6.12-300.fc32.x86_64 root=UUID=3c253273-5b89-42db-8be7-66fb70e5c501 ro rootflags=subvol=root resume=UUID=61e6b1b6-5491-4457-be4e-4e348aacd7a3 rhgb quiet",
    "[    0.054468] Dentry cache hash table entries: 524288 (order: 10, 4194304 bytes, linear)",
    "[    0.054684] Inode-cache hash table entries: 262144 (order: 9, 2097152 bytes, linear)",
    "[    0.054745] mem auto-init: stack:off, heap alloc:off, heap free:off",
    "[    0.078497] Memory: 3724956K/4057200K available (14339K kernel code, 2400K rwdata, 4868K rodata, 2448K init, 6112K bss, 332244K reserved, 0K cma-reserved)",
    "[    0.078506] random: get_random_u64 called from __kmem_cache_create+0x3e/0x620 with crng_init=0",
    "[    0.078623] SLUB: HWalign=64, Order=0-3, MinObjects=0, CPUs=4, Nodes=1",
    "[    0.078637] Kernel/User page tables isolation: enabled",
    "[    0.078658] ftrace: allocating 40708 entries in 160 pages",
    "[    0.097762] ftrace: allocated 160 pages with 2 groups",
    "[    0.097860] rcu: Hierarchical RCU implementation.",
    "[    0.097862] rcu: \tRCU restricting CPUs from NR_CPUS=8192 to nr_cpu_ids=4.",
    "[    0.097863] \tTasks RCU enabled.",
    "[    0.097864] rcu: RCU calculated value of scheduler-enlistment delay is 100 jiffies.",
    "[    0.097864] rcu: Adjusting geometry for rcu_fanout_leaf=16, nr_cpu_ids=4",
    "[    0.101342] NR_IRQS: 524544, nr_irqs: 1024, preallocated irqs: 16",
    "[    0.101680] random: crng done (trusting CPU's manufacturer)",
    "[    0.101717] spurious 8259A interrupt: IRQ7.",
    "[    0.101744] Console: colour dummy device 80x25",
    "[    0.101749] printk: console [tty0] enabled",
    "[    0.101769] ACPI: Core revision 20200110",
    "[    0.102101] clocksource: hpet: mask: 0xffffffff max_cycles: 0xffffffff, max_idle_ns: 79635855245 ns",
    "[    0.102205] APIC: Switch to symmetric I/O mode setup",
    "[    0.102207] DMAR: Host address width 39",
    "[    0.102209] DMAR: DRHD base: 0x000000fed90000 flags: 0x0",
    "[    0.102215] DMAR: dmar0: reg_base_addr fed90000 ver 1:0 cap 1c0000c40660462 ecap 7e3ff0505e",
    "[    0.102216] DMAR: DRHD base: 0x000000fed91000 flags: 0x1",
    "[    0.102220] DMAR: dmar1: reg_base_addr fed91000 ver 1:0 cap d2008c40660462 ecap f050da",
    "[    0.102221] DMAR: RMRR base: 0x000000a834b000 end: 0x000000a836afff",
    "[    0.102222] DMAR: RMRR base: 0x000000ab000000 end: 0x000000af7fffff",
    "[    0.102224] DMAR: ANDD device: 1 name: \\_SB.PCI0.I2C0",
    "[    0.102224] DMAR: ANDD device: 2 name: \\_SB.PCI0.I2C1",
    "[    0.102226] DMAR-IR: IOAPIC id 2 under DRHD base  0xfed91000 IOMMU 1",
    "[    0.102227] DMAR-IR: HPET id 0 under DRHD base 0xfed91000",
    "[    0.102227] DMAR-IR: Queued invalidation will be enabled to support x2apic and Intr-remapping.",
    "[    0.102919] DMAR: DRHD: handling fault status reg 2",
    "[    0.102922] DMAR: [INTR-REMAP] Request device [f0:1f.0] fault index 0 [fault reason 37] Blocked a compatibility format interrupt request",
    "[    0.104297] DMAR-IR: Enabled IRQ remapping in x2apic mode",
    "[    0.104299] x2apic enabled",
    "[    0.104311] Switched APIC routing to cluster x2apic.",
    "[    0.108223] ..TIMER: vector=0x30 apic1=0 pin1=2 apic2=-1 pin2=-1",
    "[    0.113098] clocksource: tsc-early: mask: 0xffffffffffffffff max_cycles: 0x39a8208cdd2, max_idle_ns: 881590748921 ns",
    "[    0.113103] Calibrating delay loop (skipped), value calculated using timer frequency.. 3999.93 BogoMIPS (lpj=1999968)",
    "[    0.113105] pid_max: default: 32768 minimum: 301",
    "[    0.118139] LSM: Security Framework initializing",
    "[    0.118150] Yama: becoming mindful.",
    "[    0.118159] SELinux:  Initializing.",
    "[    0.118176] *** VALIDATE selinux ***",
    "[    0.118203] Mount-cache hash table entries: 8192 (order: 4, 65536 bytes, linear)",
    "[    0.118216] Mountpoint-cache hash table entries: 8192 (order: 4, 65536 bytes, linear)",
    "[    0.118228] *** VALIDATE tmpfs ***",
    "[    0.118382] *** VALIDATE proc ***",
    "[    0.118436] *** VALIDATE cgroup ***",
    "[    0.118437] *** VALIDATE cgroup2 ***",
    "[    0.118497] mce: CPU0: Thermal monitoring enabled (TM1)",
    "[    0.118516] process: using mwait in idle threads",
    "[    0.118519] Last level iTLB entries: 4KB 64, 2MB 8, 4MB 8",
    "[    0.118520] Last level dTLB entries: 4KB 64, 2MB 0, 4MB 0, 1GB 4",
    "[    0.118523] Spectre V1 : Mitigation: usercopy/swapgs barriers and __user pointer sanitization",
    "[    0.118524] Spectre V2 : Mitigation: Full generic retpoline",
    "[    0.118525] Spectre V2 : Spectre v2 / SpectreRSB mitigation: Filling RSB on context switch",
    "[    0.118525] Spectre V2 : Enabling Restricted Speculation for firmware calls",
    "[    0.118527] Spectre V2 : mitigation: Enabling conditional Indirect Branch Prediction Barrier",
    "[    0.118527] Spectre V2 : User space: Mitigation: STIBP via seccomp and prctl",
    "[    0.118528] Speculative Store Bypass: Mitigation: Speculative Store Bypass disabled via prctl and seccomp",
    "[    0.118531] MDS: Mitigation: Clear CPU buffers",
    "[    0.119286] Freeing SMP alternatives memory: 36K",
    "[    0.122181] TSC deadline timer enabled",
    "[    0.122186] smpboot: CPU0: Intel(R) Core(TM) i3-6006U CPU @ 2.00GHz (family: 0x6, model: 0x4e, stepping: 0x3)",
    "[    0.122316] Performance Events: PEBS fmt3+, Skylake events, 32-deep LBR, full-width counters, Intel PMU driver.",
    "[    0.122323] ... version:                4",
    "[    0.122324] ... bit width:              48",
    "[    0.122324] ... generic registers:      4",
    "[    0.122325] ... value mask:             0000ffffffffffff",
    "[    0.122326] ... max period:             00007fffffffffff",
    "[    0.122326] ... fixed-purpose events:   3",
    "[    0.122327] ... event mask:             000000070000000f",
    "[    0.122378] rcu: Hierarchical SRCU implementation.",
    "[    0.123100] NMI watchdog: Enabled. Permanently consumes one hw-PMU counter.",
    "[    0.123100] smp: Bringing up secondary CPUs ...",
    "[    0.123163] x86: Booting SMP configuration:",
    "[    0.123165] .... node  #0, CPUs:      #1 #2",
    "[    0.126196] MDS CPU bug present and SMT on, data leak possible. See https://www.kernel.org/doc/html/latest/admin-guide/hw-vuln/mds.html for more details.",
    "[    0.126232]  #3",
    "[    0.126674] smp: Brought up 1 node, 4 CPUs",
    "[    0.126674] smpboot: Max logical packages: 1",
    "[    0.126674] smpboot: Total of 4 processors activated (15999.74 BogoMIPS)",
    "[    0.127309] devtmpfs: initialized",
    "[    0.127309] x86/mm: Memory block size: 128MB",
    "[    0.127578] PM: Registering ACPI NVS region [mem 0xa26ec000-0xa26ecfff] (4096 bytes)",
    "[    0.127578] PM: Registering ACPI NVS region [mem 0xa8630000-0xa8f17fff] (9338880 bytes)",
    "[    0.128113] clocksource: jiffies: mask: 0xffffffff max_cycles: 0xffffffff, max_idle_ns: 1911260446275000 ns",
    "[    0.128113] futex hash table entries: 1024 (order: 4, 65536 bytes, linear)",
    "[    0.128190] pinctrl core: initialized pinctrl subsystem",
    "[    0.128376] PM: RTC time: 21:03:53, date: 2020-05-19",
    "[    0.128377] thermal_sys: Registered thermal governor 'fair_share'",
    "[    0.128378] thermal_sys: Registered thermal governor 'bang_bang'",
    "[    0.128378] thermal_sys: Registered thermal governor 'step_wise'",
    "[    0.128379] thermal_sys: Registered thermal governor 'user_space'",
    "[    0.128504] NET: Registered protocol family 16",
    "[    0.128615] audit: initializing netlink subsys (disabled)",
    "[    0.128625] audit: type=2000 audit(1589922233.023:1): state=initialized audit_enabled=0 res=1",
    "[    0.128625] cpuidle: using governor menu",
    "[    0.128625] Simple Boot Flag at 0x47 set to 0x80",
    "[    0.128625] ACPI FADT declares the system doesn't support PCIe ASPM, so disable it",
    "[    0.128625] ACPI: bus type PCI registered",
    "[    0.128625] acpiphp: ACPI Hot Plug PCI Controller Driver version: 0.5",
    "[    0.128625] PCI: MMCONFIG for domain 0000 [bus 00-ff] at [mem 0xe0000000-0xefffffff] (base 0xe0000000)",
    "[    0.128625] PCI: MMCONFIG at [mem 0xe0000000-0xefffffff] reserved in E820",
    "[    0.128625] PCI: Using configuration type 1 for base access",
    "[    0.129339] ENERGY_PERF_BIAS: Set to 'normal', was 'performance'",
    "[    0.131131] HugeTLB registered 1.00 GiB page size, pre-allocated 0 pages",
    "[    0.131131] HugeTLB registered 2.00 MiB page size, pre-allocated 0 pages",
    "[    0.297114] cryptd: max_cpu_qlen set to 1000",
    "[    0.298353] alg: No test for 842 (842-generic)",
    "[    0.298353] alg: No test for 842 (842-scomp)",
    "[    0.302321] ACPI: Added _OSI(Module Device)",
    "[    0.302321] ACPI: Added _OSI(Processor Device)",
    "[    0.302321] ACPI: Added _OSI(3.0 _SCP Extensions)",
    "[    0.302321] ACPI: Added _OSI(Processor Aggregator Device)",
    "[    0.302321] ACPI: Added _OSI(Linux-Dell-Video)",
    "[    0.302321] ACPI: Added _OSI(Linux-Lenovo-NV-HDMI-Audio)",
    "[    0.302321] ACPI: Added _OSI(Linux-HPI-Hybrid-Graphics)",
    "[    0.348316] ACPI: 8 ACPI AML tables successfully acquired and loaded",
    "[    0.353212] ACPI: [Firmware Bug]: BIOS _OSI(Linux) query ignored",
    "[    0.360454] ACPI: Dynamic OEM Table Load:",
    "[    0.360461] ACPI: SSDT 0xFFFF961E0A229000 0005AC (v02 PmRef  Cpu0Ist  00003000 INTL 20160422)",
    "[    0.361888] ACPI: \\_PR_.CPU0: _OSC native thermal LVT Acked",
    "[    0.363020] ACPI: Dynamic OEM Table Load:",
    "[    0.363025] ACPI: SSDT 0xFFFF961E0A3DB400 0003FF (v02 PmRef  Cpu0Cst  00003001 INTL 20160422)",
    "[    0.364754] ACPI: Dynamic OEM Table Load:",
    "[    0.364760] ACPI: SSDT 0xFFFF961E0A22D000 00065C (v02 PmRef  ApIst    00003000 INTL 20160422)",
    "[    0.366511] ACPI: Dynamic OEM Table Load:",
    "[    0.366515] ACPI: SSDT 0xFFFF961E0A3A3C00 00018A (v02 PmRef  ApCst    00003000 INTL 20160422)",
    "[    0.369373] ACPI: EC: EC started",
    "[    0.369374] ACPI: EC: interrupt blocked",
    "[    0.372271] ACPI: EC: EC_CMD/EC_SC=0x934, EC_DATA=0x930",
    "[    0.372273] ACPI: \\_SB_.PCI0.LPCB.ECDV: Boot DSDT EC used to handle transactions",
    "[    0.372273] ACPI: Interpreter enabled",
    "[    0.372329] ACPI: (supports S0 S3 S4 S5)",
    "[    0.372330] ACPI: Using IOAPIC for interrupt routing",
    "[    0.372379] PCI: Using host bridge windows from ACPI; if necessary, use \"pci=nocrs\" and report a bug",
    "[    0.373100] ACPI: Enabled 7 GPEs in block 00 to 7F",
    "[    0.398100] ACPI: PCI Root Bridge [PCI0] (domain 0000 [bus 00-fe])",
    "[    0.398100] acpi PNP0A08:00: _OSC: OS supports [ExtendedConfig ASPM ClockPM Segments MSI HPX-Type3]",
    "[    0.400200] acpi PNP0A08:00: _OSC: OS now controls [PCIeHotplug SHPCHotplug PME AER PCIeCapability LTR]",
    "[    0.400201] acpi PNP0A08:00: FADT indicates ASPM is unsupported, using BIOS configuration",
    "[    0.400878] PCI host bridge to bus 0000:00",
    "[    0.400880] pci_bus 0000:00: root bus resource [io  0x0000-0x0cf7 window]",
    "[    0.400881] pci_bus 0000:00: root bus resource [io  0x0d00-0xffff window]",
    "[    0.400883] pci_bus 0000:00: root bus resource [mem 0x000a0000-0x000bffff window]",
    "[    0.400884] pci_bus 0000:00: root bus resource [mem 0x000c0000-0x000c3fff window]",
    "[    0.400885] pci_bus 0000:00: root bus resource [mem 0x000c4000-0x000c7fff window]",
    "[    0.400886] pci_bus 0000:00: root bus resource [mem 0x000c8000-0x000cbfff window]",
    "[    0.400887] pci_bus 0000:00: root bus resource [mem 0x000cc000-0x000cffff window]",
    "[    0.400888] pci_bus 0000:00: root bus resource [mem 0x000d0000-0x000d3fff window]",
    "[    0.400889] pci_bus 0000:00: root bus resource [mem 0x000d4000-0x000d7fff window]",
    "[    0.400889] pci_bus 0000:00: root bus resource [mem 0x000d8000-0x000dbfff window]",
    "[    0.400890] pci_bus 0000:00: root bus resource [mem 0x000dc000-0x000dffff window]",
    "[    0.400891] pci_bus 0000:00: root bus resource [mem 0x000e4000-0x000e7fff window]",
    "[    0.400892] pci_bus 0000:00: root bus resource [mem 0x000e8000-0x000ebfff window]",
    "[    0.400893] pci_bus 0000:00: root bus resource [mem 0x000ec000-0x000effff window]",
    "[    0.400895] pci_bus 0000:00: root bus resource [mem 0xaf800000-0xdfffffff window]",
    "[    0.400896] pci_bus 0000:00: root bus resource [mem 0xfd000000-0xfe7fffff window]",
    "[    0.400897] pci_bus 0000:00: root bus resource [bus 00-fe]",
    "[    0.400908] pci 0000:00:00.0: [8086:1904] type 00 class 0x060000",
    "[    0.401051] pci 0000:00:02.0: [8086:1916] type 00 class 0x030000",
    "[    0.401071] pci 0000:00:02.0: reg 0x10: [mem 0xd0000000-0xd0ffffff 64bit]",
    "[    0.401078] pci 0000:00:02.0: reg 0x18: [mem 0xc0000000-0xcfffffff 64bit pref]",
    "[    0.401083] pci 0000:00:02.0: reg 0x20: [io  0xf000-0xf03f]",
    "[    0.401100] pci 0000:00:02.0: BAR 2: assigned to efifb",
    "[    0.401263] pci 0000:00:04.0: [8086:1903] type 00 class 0x118000",
    "[    0.401278] pci 0000:00:04.0: reg 0x10: [mem 0xd1220000-0xd1227fff 64bit]",
    "[    0.401524] pci 0000:00:14.0: [8086:9d2f] type 00 class 0x0c0330",
    "[    0.401550] pci 0000:00:14.0: reg 0x10: [mem 0xd1210000-0xd121ffff 64bit]",
    "[    0.401628] pci 0000:00:14.0: PME# supported from D3hot D3cold",
    "[    0.401867] pci 0000:00:14.2: [8086:9d31] type 00 class 0x118000",
    "[    0.401892] pci 0000:00:14.2: reg 0x10: [mem 0xd1238000-0xd1238fff 64bit]",
    "[    0.402083] pci 0000:00:15.0: [8086:9d60] type 00 class 0x118000",
    "[    0.402114] pci 0000:00:15.0: reg 0x10: [mem 0xd1237000-0xd1237fff 64bit]",
    "[    0.402357] pci 0000:00:15.1: [8086:9d61] type 00 class 0x118000",
    "[    0.402389] pci 0000:00:15.1: reg 0x10: [mem 0xd1236000-0xd1236fff 64bit]",
    "[    0.402651] pci 0000:00:16.0: [8086:9d3a] type 00 class 0x078000",
    "[    0.402680] pci 0000:00:16.0: reg 0x10: [mem 0xd1235000-0xd1235fff 64bit]",
    "[    0.402763] pci 0000:00:16.0: PME# supported from D3hot",
    "[    0.402968] pci 0000:00:17.0: [8086:9d03] type 00 class 0x010601",
    "[    0.402990] pci 0000:00:17.0: reg 0x10: [mem 0xd1230000-0xd1231fff]",
    "[    0.402998] pci 0000:00:17.0: reg 0x14: [mem 0xd1234000-0xd12340ff]",
    "[    0.403007] pci 0000:00:17.0: reg 0x18: [io  0xf090-0xf097]",
    "[    0.403015] pci 0000:00:17.0: reg 0x1c: [io  0xf080-0xf083]",
    "[    0.403024] pci 0000:00:17.0: reg 0x20: [io  0xf060-0xf07f]",
    "[    0.403033] pci 0000:00:17.0: reg 0x24: [mem 0xd1233000-0xd12337ff]",
    "[    0.403081] pci 0000:00:17.0: PME# supported from D3hot",
    "[    0.403253] pci 0000:00:1c.0: [8086:9d14] type 01 class 0x060400",
    "[    0.403350] pci 0000:00:1c.0: PME# supported from D0 D3hot D3cold",
    "[    0.403582] pci 0000:00:1c.5: [8086:9d15] type 01 class 0x060400",
    "[    0.403676] pci 0000:00:1c.5: PME# supported from D0 D3hot D3cold",
    "[    0.403907] pci 0000:00:1f.0: [8086:9d48] type 00 class 0x060100",
    "[    0.404180] pci 0000:00:1f.2: [8086:9d21] type 00 class 0x058000",
    "[    0.404196] pci 0000:00:1f.2: reg 0x10: [mem 0xd122c000-0xd122ffff]",
    "[    0.404390] pci 0000:00:1f.3: [8086:9d70] type 00 class 0x040300",
    "[    0.404419] pci 0000:00:1f.3: reg 0x10: [mem 0xd1228000-0xd122bfff 64bit]",
    "[    0.404447] pci 0000:00:1f.3: reg 0x20: [mem 0xd1200000-0xd120ffff 64bit]",
    "[    0.404501] pci 0000:00:1f.3: PME# supported from D3hot D3cold",
    "[    0.404775] pci 0000:00:1f.4: [8086:9d23] type 00 class 0x0c0500",
    "[    0.404836] pci 0000:00:1f.4: reg 0x10: [mem 0xd1232000-0xd12320ff 64bit]",
    "[    0.404907] pci 0000:00:1f.4: reg 0x20: [io  0xf040-0xf05f]",
    "[    0.405197] pci 0000:01:00.0: [168c:0036] type 00 class 0x028000",
    "[    0.405231] pci 0000:01:00.0: reg 0x10: [mem 0xd1100000-0xd117ffff 64bit]",
    "[    0.405271] pci 0000:01:00.0: reg 0x30: [mem 0xd1180000-0xd118ffff pref]",
    "[    0.405356] pci 0000:01:00.0: supports D1 D2",
    "[    0.405357] pci 0000:01:00.0: PME# supported from D0 D1 D2 D3hot D3cold",
    "[    0.405498] pci 0000:00:1c.0: PCI bridge to [bus 01]",
    "[    0.405503] pci 0000:00:1c.0:   bridge window [mem 0xd1100000-0xd11fffff]",
    "[    0.405572] pci 0000:02:00.0: [10ec:8136] type 00 class 0x020000",
    "[    0.405601] pci 0000:02:00.0: reg 0x10: [io  0xe000-0xe0ff]",
    "[    0.405624] pci 0000:02:00.0: reg 0x18: [mem 0xd1004000-0xd1004fff 64bit]",
    "[    0.405639] pci 0000:02:00.0: reg 0x20: [mem 0xd1000000-0xd1003fff 64bit pref]",
    "[    0.405748] pci 0000:02:00.0: supports D1 D2",
    "[    0.405749] pci 0000:02:00.0: PME# supported from D0 D1 D2 D3hot D3cold",
    "[    0.405908] pci 0000:00:1c.5: PCI bridge to [bus 02]",
    "[    0.405910] pci 0000:00:1c.5:   bridge window [io  0xe000-0xefff]",
    "[    0.405913] pci 0000:00:1c.5:   bridge window [mem 0xd1000000-0xd10fffff]",
    "[    0.407516] ACPI: PCI Interrupt Link [LNKA] (IRQs 3 4 5 6 10 *11 12 14 15)",
    "[    0.407571] ACPI: PCI Interrupt Link [LNKB] (IRQs 3 4 5 6 *10 11 12 14 15)",
    "[    0.407623] ACPI: PCI Interrupt Link [LNKC] (IRQs 3 4 5 6 10 *11 12 14 15)",
    "[    0.407675] ACPI: PCI Interrupt Link [LNKD] (IRQs 3 4 5 6 10 *11 12 14 15)",
    "[    0.407726] ACPI: PCI Interrupt Link [LNKE] (IRQs 3 4 5 6 10 *11 12 14 15)",
    "[    0.407777] ACPI: PCI Interrupt Link [LNKF] (IRQs 3 4 5 6 10 *11 12 14 15)",
    "[    0.407827] ACPI: PCI Interrupt Link [LNKG] (IRQs 3 4 5 6 10 *11 12 14 15)",
    "[    0.407878] ACPI: PCI Interrupt Link [LNKH] (IRQs 3 4 5 6 10 *11 12 14 15)",
    "[    0.410699] ACPI: EC: interrupt unblocked",
    "[    0.410720] ACPI: EC: event unblocked",
    "[    0.410731] ACPI: EC: EC_CMD/EC_SC=0x934, EC_DATA=0x930",
    "[    0.410732] ACPI: EC: GPE=0x45",
    "[    0.410734] ACPI: \\_SB_.PCI0.LPCB.ECDV: Boot DSDT EC used to handle transactions and events",
    "[    0.411400] iommu: Default domain type: Translated ",
    "[    0.411415] pci 0000:00:02.0: vgaarb: setting as boot VGA device",
    "[    0.411415] pci 0000:00:02.0: vgaarb: VGA device added: decodes=io+mem,owns=io+mem,locks=none",
    "[    0.411415] pci 0000:00:02.0: vgaarb: bridge control possible",
    "[    0.411415] vgaarb: loaded",
    "[    0.411415] SCSI subsystem initialized",
    "[    0.411415] libata version 3.00 loaded.",
    "[    0.411415] ACPI: bus type USB registered",
    "[    0.411415] usbcore: registered new interface driver usbfs",
    "[    0.411439] usbcore: registered new interface driver hub",
    "[    0.411453] usbcore: registered new device driver usb",
    "[    0.411485] pps_core: LinuxPPS API ver. 1 registered",
    "[    0.411486] pps_core: Software ver. 5.3.6 - Copyright 2005-2007 Rodolfo Giometti <giometti@linux.it>",
    "[    0.411488] PTP clock support registered",
    "[    0.411519] EDAC MC: Ver: 3.0.0",
    "[    0.412130] Registered efivars operations",
    "[    0.412242] PCI: Using ACPI for IRQ routing",
    "[    0.440683] PCI: pci_cache_line_size set to 64 bytes",
    "[    0.440746] e820: reserve RAM buffer [mem 0x00058000-0x0005ffff]",
    "[    0.440747] e820: reserve RAM buffer [mem 0x0009d000-0x0009ffff]",
    "[    0.440748] e820: reserve RAM buffer [mem 0xa04b3018-0xa3ffffff]",
    "[    0.440749] e820: reserve RAM buffer [mem 0xa26ec000-0xa3ffffff]",
    "[    0.440750] e820: reserve RAM buffer [mem 0xa5950000-0xa7ffffff]",
    "[    0.440751] e820: reserve RAM buffer [mem 0xa8282000-0xabffffff]",
    "[    0.440752] e820: reserve RAM buffer [mem 0xa95ff000-0xabffffff]",
    "[    0.440753] e820: reserve RAM buffer [mem 0x14f800000-0x14fffffff]",
    "[    0.440867] NetLabel: Initializing",
    "[    0.440867] NetLabel:  domain hash size = 128",
    "[    0.440868] NetLabel:  protocols = UNLABELED CIPSOv4 CALIPSO",
    "[    0.440882] NetLabel:  unlabeled traffic allowed by default",
    "[    0.441199] hpet0: at MMIO 0xfed00000, IRQs 2, 8, 0, 0, 0, 0, 0, 0",
    "[    0.441203] hpet0: 8 comparators, 64-bit 24.000000 MHz counter",
    "[    0.443119] clocksource: Switched to clocksource tsc-early",
    "[    0.459739] *** VALIDATE bpf ***",
    "[    0.459827] VFS: Disk quotas dquot_6.6.0",
    "[    0.459842] VFS: Dquot-cache hash table entries: 512 (order 0, 4096 bytes)",
    "[    0.459885] *** VALIDATE ramfs ***",
    "[    0.459887] *** VALIDATE hugetlbfs ***",
    "[    0.459920] pnp: PnP ACPI init",
    "[    0.460265] system 00:00: [io  0x0680-0x069f] has been reserved",
    "[    0.460267] system 00:00: [io  0xffff] has been reserved",
    "[    0.460268] system 00:00: [io  0xffff] has been reserved",
    "[    0.460269] system 00:00: [io  0xffff] has been reserved",
    "[    0.460270] system 00:00: [io  0x1800-0x18fe] has been reserved",
    "[    0.460271] system 00:00: [io  0x164e-0x164f] has been reserved",
    "[    0.460277] system 00:00: Plug and Play ACPI device, IDs PNP0c02 (active)",
    "[    0.460397] pnp 00:01: Plug and Play ACPI device, IDs PNP0b00 (active)",
    "[    0.460437] system 00:02: [io  0x1854-0x1857] has been reserved",
    "[    0.460440] system 00:02: Plug and Play ACPI device, IDs INT3f0d PNP0c02 (active)",
    "[    0.460492] pnp 00:03: Plug and Play ACPI device, IDs PNP0303 (active)",
    "[    0.460507] pnp 00:04: Plug and Play ACPI device, IDs SYN0609 PNP0f13 (active)",
    "[    0.460770] system 00:05: [mem 0xfed10000-0xfed17fff] has been reserved",
    "[    0.460771] system 00:05: [mem 0xfed18000-0xfed18fff] has been reserved",
    "[    0.460773] system 00:05: [mem 0xfed19000-0xfed19fff] has been reserved",
    "[    0.460774] system 00:05: [mem 0xe0000000-0xefffffff] has been reserved",
    "[    0.460775] system 00:05: [mem 0xfed20000-0xfed3ffff] has been reserved",
    "[    0.460777] system 00:05: [mem 0xfed90000-0xfed93fff] could not be reserved",
    "[    0.460778] system 00:05: [mem 0xfed45000-0xfed8ffff] has been reserved",
    "[    0.460781] system 00:05: [mem 0xff000000-0xffffffff] has been reserved",
    "[    0.460782] system 00:05: [mem 0xfee00000-0xfeefffff] could not be reserved",
    "[    0.460784] system 00:05: [mem 0xdffe0000-0xdfffffff] has been reserved",
    "[    0.460787] system 00:05: Plug and Play ACPI device, IDs PNP0c02 (active)",
    "[    0.460830] system 00:06: [mem 0xfd000000-0xfdabffff] has been reserved",
    "[    0.460831] system 00:06: [mem 0xfdad0000-0xfdadffff] has been reserved",
    "[    0.460833] system 00:06: [mem 0xfdb00000-0xfdffffff] has been reserved",
    "[    0.460834] system 00:06: [mem 0xfe000000-0xfe01ffff] could not be reserved",
    "[    0.460835] system 00:06: [mem 0xfe036000-0xfe03bfff] has been reserved",
    "[    0.460837] system 00:06: [mem 0xfe03d000-0xfe3fffff] has been reserved",
    "[    0.460838] system 00:06: [mem 0xfe410000-0xfe7fffff] has been reserved",
    "[    0.460841] system 00:06: Plug and Play ACPI device, IDs PNP0c02 (active)",
    "[    0.461201] system 00:07: [io  0xff00-0xfffe] has been reserved",
    "[    0.461204] system 00:07: Plug and Play ACPI device, IDs PNP0c02 (active)",
    "[    0.462474] system 00:08: [mem 0xfe029000-0xfe029fff] has been reserved",
    "[    0.462475] system 00:08: [mem 0xfe028000-0xfe028fff] has been reserved",
    "[    0.462476] system 00:08: [mem 0xfe035000-0xfe035fff] has been reserved",
    "[    0.462477] system 00:08: [mem 0xfe034008-0xfe034fff] has been reserved",
    "[    0.462481] system 00:08: Plug and Play ACPI device, IDs PNP0c02 (active)",
    "[    0.463115] system 00:09: [mem 0xfe034000-0xfe034007] has been reserved",
    "[    0.463119] system 00:09: Plug and Play ACPI device, IDs PNP0c02 (active)",
    "[    0.464870] pnp: PnP ACPI: found 10 devices",
    "[    0.470656] clocksource: acpi_pm: mask: 0xffffff max_cycles: 0xffffff, max_idle_ns: 2085701024 ns",
    "[    0.470717] pci 0000:00:1c.0: PCI bridge to [bus 01]",
    "[    0.470723] pci 0000:00:1c.0:   bridge window [mem 0xd1100000-0xd11fffff]",
    "[    0.470730] pci 0000:00:1c.5: PCI bridge to [bus 02]",
    "[    0.470732] pci 0000:00:1c.5:   bridge window [io  0xe000-0xefff]",
    "[    0.470736] pci 0000:00:1c.5:   bridge window [mem 0xd1000000-0xd10fffff]",
    "[    0.470749] pci_bus 0000:00: resource 4 [io  0x0000-0x0cf7 window]",
    "[    0.470750] pci_bus 0000:00: resource 5 [io  0x0d00-0xffff window]",
    "[    0.470751] pci_bus 0000:00: resource 6 [mem 0x000a0000-0x000bffff window]",
    "[    0.470752] pci_bus 0000:00: resource 7 [mem 0x000c0000-0x000c3fff window]",
    "[    0.470754] pci_bus 0000:00: resource 8 [mem 0x000c4000-0x000c7fff window]",
    "[    0.470755] pci_bus 0000:00: resource 9 [mem 0x000c8000-0x000cbfff window]",
    "[    0.470756] pci_bus 0000:00: resource 10 [mem 0x000cc000-0x000cffff window]",
    "[    0.470757] pci_bus 0000:00: resource 11 [mem 0x000d0000-0x000d3fff window]",
    "[    0.470758] pci_bus 0000:00: resource 12 [mem 0x000d4000-0x000d7fff window]",
    "[    0.470759] pci_bus 0000:00: resource 13 [mem 0x000d8000-0x000dbfff window]",
    "[    0.470760] pci_bus 0000:00: resource 14 [mem 0x000dc000-0x000dffff window]",
    "[    0.470761] pci_bus 0000:00: resource 15 [mem 0x000e4000-0x000e7fff window]",
    "[    0.470762] pci_bus 0000:00: resource 16 [mem 0x000e8000-0x000ebfff window]",
    "[    0.470763] pci_bus 0000:00: resource 17 [mem 0x000ec000-0x000effff window]",
    "[    0.470764] pci_bus 0000:00: resource 18 [mem 0xaf800000-0xdfffffff window]",
    "[    0.470766] pci_bus 0000:00: resource 19 [mem 0xfd000000-0xfe7fffff window]",
    "[    0.470767] pci_bus 0000:01: resource 1 [mem 0xd1100000-0xd11fffff]",
    "[    0.470768] pci_bus 0000:02: resource 0 [io  0xe000-0xefff]",
    "[    0.470769] pci_bus 0000:02: resource 1 [mem 0xd1000000-0xd10fffff]",
    "[    0.470918] NET: Registered protocol family 2",
    "[    0.471068] tcp_listen_portaddr_hash hash table entries: 2048 (order: 3, 32768 bytes, linear)",
    "[    0.471076] TCP established hash table entries: 32768 (order: 6, 262144 bytes, linear)",
    "[    0.471125] TCP bind hash table entries: 32768 (order: 7, 524288 bytes, linear)",
    "[    0.471226] TCP: Hash tables configured (established 32768 bind 32768)",
    "[    0.471268] UDP hash table entries: 2048 (order: 4, 65536 bytes, linear)",
    "[    0.471283] UDP-Lite hash table entries: 2048 (order: 4, 65536 bytes, linear)",
    "[    0.471331] NET: Registered protocol family 1",
    "[    0.471336] NET: Registered protocol family 44",
    "[    0.471347] pci 0000:00:02.0: Video device with shadowed ROM at [mem 0x000c0000-0x000dffff]",
    "[    0.471652] PCI: CLS 0 bytes, default 64",
    "[    0.471688] Trying to unpack rootfs image as initramfs...",
    "[    1.054046] Freeing initrd memory: 32188K",
    "[    1.054144] DMAR: ACPI device \"device:69\" under DMAR at fed91000 as 00:15.0",
    "[    1.054147] DMAR: ACPI device \"device:6a\" under DMAR at fed91000 as 00:15.1",
    "[    1.058203] PCI-DMA: Using software bounce buffering for IO (SWIOTLB)",
    "[    1.058204] software IO TLB: mapped [mem 0x9c4b3000-0xa04b3000] (64MB)",
    "[    1.058925] Initialise system trusted keyrings",
    "[    1.058938] Key type blacklist registered",
    "[    1.058987] workingset: timestamp_bits=36 max_order=20 bucket_order=0",
    "[    1.060554] zbud: loaded",
    "[    1.061072] Platform Keyring initialized",
    "[    1.066792] NET: Registered protocol family 38",
    "[    1.066795] Key type asymmetric registered",
    "[    1.066796] Asymmetric key parser 'x509' registered",
    "[    1.066804] Block layer SCSI generic (bsg) driver version 0.4 loaded (major 246)",
    "[    1.066848] io scheduler mq-deadline registered",
    "[    1.066848] io scheduler kyber registered",
    "[    1.066880] io scheduler bfq registered",
    "[    1.066938] atomic64_test: passed for x86-64 platform with CX8 and with SSE",
    "[    1.067275] pcieport 0000:00:1c.0: PME: Signaling with IRQ 122",
    "[    1.067335] pcieport 0000:00:1c.0: AER: enabled with IRQ 122",
    "[    1.067582] pcieport 0000:00:1c.5: PME: Signaling with IRQ 123",
    "[    1.067633] pcieport 0000:00:1c.5: AER: enabled with IRQ 123",
    "[    1.067728] shpchp: Standard Hot Plug PCI Controller Driver version: 0.4",
    "[    1.067751] efifb: probing for efifb",
    "[    1.067772] efifb: showing boot graphics",
    "[    1.068459] efifb: framebuffer at 0xc0000000, using 4080k, total 4080k",
    "[    1.068460] efifb: mode is 1360x768x32, linelength=5440, pages=1",
    "[    1.068460] efifb: scrolling: redraw",
    "[    1.068462] efifb: Truecolor: size=8:8:8:8, shift=24:16:8:0",
    "[    1.068506] fbcon: Deferring console take-over",
    "[    1.068507] fb0: EFI VGA frame buffer device",
    "[    1.068515] intel_idle: MWAIT substates: 0x11142120",
    "[    1.068516] intel_idle: v0.4.1 model 0x4E",
    "[    1.068798] intel_idle: lapic_timer_reliable_states 0xffffffff",
    "[    1.070308] ACPI: AC Adapter [AC] (off-line)",
    "[    1.070398] input: Lid Switch as /devices/LNXSYSTM:00/LNXSYBUS:00/PNP0C0D:00/input/input0",
    "[    1.070429] ACPI: Lid Switch [LID0]",
    "[    1.070458] input: Power Button as /devices/LNXSYSTM:00/LNXSYBUS:00/PNP0C0C:00/input/input1",
    "[    1.070481] ACPI: Power Button [PBTN]",
    "[    1.070508] input: Sleep Button as /devices/LNXSYSTM:00/LNXSYBUS:00/PNP0C0E:00/input/input2",
    "[    1.070523] ACPI: Sleep Button [SBTN]",
    "[    1.070551] input: Power Button as /devices/LNXSYSTM:00/LNXPWRBN:00/input/input3",
    "[    1.070572] ACPI: Power Button [PWRF]",
    "[    1.072476] thermal LNXTHERM:00: registered as thermal_zone0",
    "[    1.072477] ACPI: Thermal Zone [THM] (25 C)",
    "[    1.072664] Serial: 8250/16550 driver, 32 ports, IRQ sharing enabled",
    "[    1.074950] Non-volatile memory driver v1.3",
    "[    1.074980] Linux agpgart interface v0.103",
    "[    1.076072] intel-lpss 0000:00:15.0: enabling device (0000 -> 0002)",
    "[    1.101458] battery: ACPI: Battery Slot [BAT0] (battery present)",
    "[    1.105761] intel-lpss 0000:00:15.1: enabling device (0000 -> 0002)",
    "[    1.114035] ahci 0000:00:17.0: version 3.0",
    "[    1.114445] ahci 0000:00:17.0: SSS flag set, parallel bus scan disabled",
    "[    1.114466] ahci 0000:00:17.0: AHCI 0001.0301 32 slots 2 ports 6 Gbps 0x3 impl SATA mode",
    "[    1.114469] ahci 0000:00:17.0: flags: 64bit ncq stag pm led clo only pio slum part deso sadm sds apst ",
    "[    1.114924] scsi host0: ahci",
    "[    1.115044] scsi host1: ahci",
    "[    1.115090] ata1: SATA max UDMA/133 abar m2048@0xd1233000 port 0xd1233100 irq 124",
    "[    1.115092] ata2: SATA max UDMA/133 abar m2048@0xd1233000 port 0xd1233180 irq 124",
    "[    1.115252] libphy: Fixed MDIO Bus: probed",
    "[    1.115332] ehci_hcd: USB 2.0 'Enhanced' Host Controller (EHCI) Driver",
    "[    1.115334] ehci-pci: EHCI PCI platform driver",
    "[    1.115345] ohci_hcd: USB 1.1 'Open' Host Controller (OHCI) Driver",
    "[    1.115347] ohci-pci: OHCI PCI platform driver",
    "[    1.115354] uhci_hcd: USB Universal Host Controller Interface driver",
    "[    1.115513] xhci_hcd 0000:00:14.0: xHCI Host Controller",
    "[    1.115543] xhci_hcd 0000:00:14.0: new USB bus registered, assigned bus number 1",
    "[    1.116623] xhci_hcd 0000:00:14.0: hcc params 0x200077c1 hci version 0x100 quirks 0x0000000081109810",
    "[    1.116792] xhci_hcd 0000:00:14.0: cache line size of 64 is not supported",
    "[    1.116998] usb usb1: New USB device found, idVendor=1d6b, idProduct=0002, bcdDevice= 5.06",
    "[    1.117000] usb usb1: New USB device strings: Mfr=3, Product=2, SerialNumber=1",
    "[    1.117001] usb usb1: Product: xHCI Host Controller",
    "[    1.117002] usb usb1: Manufacturer: Linux 5.6.12-300.fc32.x86_64 xhci-hcd",
    "[    1.117003] usb usb1: SerialNumber: 0000:00:14.0",
    "[    1.117097] hub 1-0:1.0: USB hub found",
    "[    1.117118] hub 1-0:1.0: 12 ports detected",
    "[    1.118404] xhci_hcd 0000:00:14.0: xHCI Host Controller",
    "[    1.118477] xhci_hcd 0000:00:14.0: new USB bus registered, assigned bus number 2",
    "[    1.118480] xhci_hcd 0000:00:14.0: Host supports USB 3.0 SuperSpeed",
    "[    1.118516] usb usb2: New USB device found, idVendor=1d6b, idProduct=0003, bcdDevice= 5.06",
    "[    1.118517] usb usb2: New USB device strings: Mfr=3, Product=2, SerialNumber=1",
    "[    1.118518] usb usb2: Product: xHCI Host Controller",
    "[    1.118519] usb usb2: Manufacturer: Linux 5.6.12-300.fc32.x86_64 xhci-hcd",
    "[    1.118520] usb usb2: SerialNumber: 0000:00:14.0",
    "[    1.118645] hub 2-0:1.0: USB hub found",
    "[    1.118655] hub 2-0:1.0: 6 ports detected",
    "[    1.119425] usbcore: registered new interface driver usbserial_generic",
    "[    1.119428] usbserial: USB Serial support registered for generic",
    "[    1.119456] i8042: PNP: PS/2 Controller [PNP0303:PS2K,PNP0f13:PS2M] at 0x60,0x64 irq 1,12",
    "[    1.119817] i8042: Warning: Keylock active",
    "[    1.121263] serio: i8042 KBD port at 0x60,0x64 irq 1",
    "[    1.121267] serio: i8042 AUX port at 0x60,0x64 irq 12",
    "[    1.121383] mousedev: PS/2 mouse device common for all mice",
    "[    1.121722] rtc_cmos 00:01: RTC can wake from S4",
    "[    1.122393] rtc_cmos 00:01: registered as rtc0",
    "[    1.122394] rtc_cmos 00:01: alarms up to one month, y3k, 242 bytes nvram, hpet irqs",
    "[    1.122470] device-mapper: uevent: version 1.0.3",
    "[    1.122538] input: AT Translated Set 2 keyboard as /devices/platform/i8042/serio0/input/input4",
    "[    1.122630] device-mapper: ioctl: 4.42.0-ioctl (2020-02-27) initialised: dm-devel@redhat.com",
    "[    1.122790] intel_pstate: Intel P-state driver initializing",
    "[    1.123022] intel_pstate: HWP enabled",
    "[    1.123364] hid: raw HID events driver (C) Jiri Kosina",
    "[    1.123396] usbcore: registered new interface driver usbhid",
    "[    1.123396] usbhid: USB HID core driver",
    "[    1.123497] intel_pmc_core INT33A1:00:  initialized",
    "[    1.123557] drop_monitor: Initializing network drop monitor service",
    "[    1.123634] Initializing XFRM netlink socket",
    "[    1.123758] NET: Registered protocol family 10",
    "[    1.129676] Segment Routing with IPv6",
    "[    1.129703] mip6: Mobile IPv6",
    "[    1.129705] NET: Registered protocol family 17",
    "[    1.129997] RAS: Correctable Errors collector initialized.",
    "[    1.130033] microcode: sig=0x406e3, pf=0x80, revision=0xd6",
    "[    1.130049] microcode: Microcode Update Driver: v2.2.",
    "[    1.130052] IPI shorthand broadcast: enabled",
    "[    1.130058] AVX2 version of gcm_enc/dec engaged.",
    "[    1.130058] AES CTR mode by8 optimization enabled",
    "[    1.184619] sched_clock: Marking stable (1181143759, 3466884)->(1191094848, -6484205)",
    "[    1.184759] registered taskstats version 1",
    "[    1.184768] Loading compiled-in X.509 certificates",
    "[    1.225758] Loaded X.509 cert 'Fedora kernel signing key: 25cd2e816726105f6e149a1d91fba955ffd4bef8'",
    "[    1.225784] zswap: loaded using pool lzo/zbud",
    "[    1.225946] Key type ._fscrypt registered",
    "[    1.225947] Key type .fscrypt registered",
    "[    1.225948] Key type fscrypt-provisioning registered",
    "[    1.238049] Key type big_key registered",
    "[    1.243684] Key type encrypted registered",
    "[    1.243961] integrity: Loading X.509 certificate: UEFI:db",
    "[    1.243996] integrity: Loaded X.509 cert 'Dell Inc. UEFI DB: 5ddb772dc880660055ba0bc131886bb630a639e7'",
    "[    1.243997] integrity: Loading X.509 certificate: UEFI:db",
    "[    1.244022] integrity: Loaded X.509 cert 'Microsoft Corporation UEFI CA 2011: 13adbf4309bd82709c8cd54f316ed522988a1bd4'",
    "[    1.244022] integrity: Loading X.509 certificate: UEFI:db",
    "[    1.244044] integrity: Loaded X.509 cert 'Microsoft Windows Production PCA 2011: a92902398e16c49778cd90f99e4f9ae17c55af53'",
    "[    1.244548] ima: No TPM chip found, activating TPM-bypass!",
    "[    1.244552] ima: Allocated hash algorithm: sha256",
    "[    1.244558] ima: No architecture policies found",
    "[    1.245674] PM:   Magic number: 4:164:96",
    "[    1.245861] rtc_cmos 00:01: setting system clock to 2020-05-19T21:03:54 UTC (1589922234)",
    "[    1.245909] Lockdown: swapper/0: hibernation is restricted; see man kernel_lockdown.7",
    "[    1.424123] ata1: SATA link up 6.0 Gbps (SStatus 133 SControl 300)",
    "[    1.427632] ata1.00: ACPI cmd ef/10:06:00:00:00:00 (SET FEATURES) succeeded",
    "[    1.427636] ata1.00: ACPI cmd f5/00:00:00:00:00:00 (SECURITY FREEZE LOCK) filtered out",
    "[    1.427639] ata1.00: ACPI cmd b1/c1:00:00:00:00:00 (DEVICE CONFIGURATION OVERLAY) filtered out",
    "[    1.431223] ata1.00: HPA detected: current 468860015, native 468862128",
    "[    1.432836] ata1.00: ATA-9: CT240BX500SSD1,  M6CR013, max UDMA/133",
    "[    1.432839] ata1.00: 468860015 sectors, multi 1: LBA48 NCQ (depth 32), AA",
    "[    1.440296] ata1.00: ACPI cmd ef/10:06:00:00:00:00 (SET FEATURES) succeeded",
    "[    1.440300] ata1.00: ACPI cmd f5/00:00:00:00:00:00 (SECURITY FREEZE LOCK) filtered out",
    "[    1.440303] ata1.00: ACPI cmd b1/c1:00:00:00:00:00 (DEVICE CONFIGURATION OVERLAY) filtered out",
    "[    1.443244] usb 1-1: new low-speed USB device number 2 using xhci_hcd",
    "[    1.447464] ata1.00: configured for UDMA/133",
    "[    1.458837] scsi 0:0:0:0: Direct-Access     ATA      CT240BX500SSD1   R013 PQ: 0 ANSI: 5",
    "[    1.459094] sd 0:0:0:0: Attached scsi generic sg0 type 0",
    "[    1.459249] sd 0:0:0:0: [sda] 468860015 512-byte logical blocks: (240 GB/224 GiB)",
    "[    1.459271] sd 0:0:0:0: [sda] Write Protect is off",
    "[    1.459274] sd 0:0:0:0: [sda] Mode Sense: 00 3a 00 00",
    "[    1.459293] sd 0:0:0:0: [sda] Write cache: enabled, read cache: enabled, doesn't support DPO or FUA",
    "[    1.460535]  sda: sda1 sda2 sda3",
    "[    1.461441] sd 0:0:0:0: [sda] Attached SCSI disk",
    "[    1.572513] usb 1-1: New USB device found, idVendor=275d, idProduct=0ba6, bcdDevice= 1.00",
    "[    1.572517] usb 1-1: New USB device strings: Mfr=0, Product=1, SerialNumber=0",
    "[    1.572519] usb 1-1: Product: USB OPTICAL MOUSE ",
    "[    1.575943] input: USB OPTICAL MOUSE  as /devices/pci0000:00/0000:00:14.0/usb1/1-1/1-1:1.0/0003:275D:0BA6.0001/input/input7",
    "[    1.576613] hid-generic 0003:275D:0BA6.0001: input,hidraw0: USB HID v1.11 Mouse [USB OPTICAL MOUSE ] on usb-0000:00:14.0-1/input0",
    "[    1.691233] usb 1-2: new low-speed USB device number 3 using xhci_hcd",
    "[    1.767378] ata2: SATA link down (SStatus 4 SControl 300)",
    "[    1.770931] Freeing unused decrypted memory: 2040K",
    "[    1.771783] Freeing unused kernel image (initmem) memory: 2448K",
    "[    1.771850] Write protecting the kernel read-only data: 22528k",
    "[    1.772919] Freeing unused kernel image (text/rodata gap) memory: 2044K",
    "[    1.773302] Freeing unused kernel image (rodata/data gap) memory: 1276K",
    "[    1.822263] usb 1-2: New USB device found, idVendor=1a2c, idProduct=2124, bcdDevice= 1.10",
    "[    1.822265] usb 1-2: New USB device strings: Mfr=1, Product=2, SerialNumber=0",
    "[    1.822266] usb 1-2: Product: USB Keyboard",
    "[    1.822267] usb 1-2: Manufacturer: SEM",
    "[    1.825524] input: SEM USB Keyboard as /devices/pci0000:00/0000:00:14.0/usb1/1-2/1-2:1.0/0003:1A2C:2124.0002/input/input8",
    "[    1.826346] x86/mm: Checked W+X mappings: passed, no W+X pages found.",
    "[    1.826352] rodata_test: all tests were successful",
    "[    1.826353] x86/mm: Checking user space page tables",
    "[    1.877254] hid-generic 0003:1A2C:2124.0002: input,hidraw1: USB HID v1.10 Keyboard [SEM USB Keyboard] on usb-0000:00:14.0-2/input0",
    "[    1.878461] x86/mm: Checked W+X mappings: passed, no W+X pages found.",
    "[    1.878471] Run /init as init process",
    "[    1.878473]   with arguments:",
    "[    1.878474]     /init",
    "[    1.878474]     rhgb",
    "[    1.878475]   with environment:",
    "[    1.878476]     HOME=/",
    "[    1.878476]     TERM=linux",
    "[    1.878477]     BOOT_IMAGE=(hd0,msdos3)/root/boot/vmlinuz-5.6.12-300.fc32.x86_64",
    "[    1.905908] input: SEM USB Keyboard Consumer Control as /devices/pci0000:00/0000:00:14.0/usb1/1-2/1-2:1.1/0003:1A2C:2124.0003/input/input9",
    "[    1.907624] systemd[1]: systemd v245.4-1.fc32 running in system mode. (+PAM +AUDIT +SELINUX +IMA -APPARMOR +SMACK +SYSVINIT +UTMP +LIBCRYPTSETUP +GCRYPT +GNUTLS +ACL +XZ +LZ4 +SECCOMP +BLKID +ELFUTILS +KMOD +IDN2 -IDN +PCRE2 default-hierarchy=unified)",
    "[    1.915778] psmouse serio1: synaptics: queried max coordinates: x [..5664], y [..4708]",
    "[    1.919335] systemd[1]: Detected architecture x86-64.",
    "[    1.919339] systemd[1]: Running in initial RAM disk.",
    "[    1.919379] systemd[1]: Set hostname to <nostromo>.",
    "[    1.919794] Lockdown: systemd: /dev/mem,kmem,port is restricted; see man kernel_lockdown.7",
    "[    1.942349] psmouse serio1: synaptics: queried min coordinates: x [1276..], y [1146..]",
    "[    1.942357] psmouse serio1: synaptics: Your touchpad (PNP: SYN0609 PNP0f13) says it can support a different bus. If i2c-hid and hid-rmi are not used, you might want to try setting psmouse.synaptics_intertouch to 1 and report this to linux-input@vger.kernel.org.",
    "[    1.957293] input: SEM USB Keyboard System Control as /devices/pci0000:00/0000:00:14.0/usb1/1-2/1-2:1.1/0003:1A2C:2124.0003/input/input10",
    "[    1.957360] hid-generic 0003:1A2C:2124.0003: input,hidraw2: USB HID v1.10 Device [SEM USB Keyboard] on usb-0000:00:14.0-2/input1",
    "[    2.006710] systemd[1]: Reached target Local File Systems.",
    "[    2.006769] systemd[1]: Reached target Slices.",
    "[    2.006783] systemd[1]: Reached target Swap.",
    "[    2.006791] systemd[1]: Reached target Timers.",
    "[    2.006965] systemd[1]: Listening on Journal Audit Socket.",
    "[    2.007060] systemd[1]: Listening on Journal Socket (/dev/log).",
    "[    2.007180] systemd[1]: Listening on Journal Socket.",
    "[    2.007274] systemd[1]: Listening on udev Control Socket.",
    "[    2.007337] systemd[1]: Listening on udev Kernel Socket.",
    "[    2.007348] systemd[1]: Reached target Sockets.",
    "[    2.008955] systemd[1]: Starting Create list of static device nodes for the current kernel...",
    "[    2.009755] systemd[1]: Started Hardware RNG Entropy Gatherer Daemon.",
    "[    2.012209] systemd[1]: Starting Journal Service...",
    "[    2.013578] systemd[1]: Starting Load Kernel Modules...",
    "[    2.014701] systemd[1]: Starting Setup Virtual Console...",
    "[    2.015532] systemd[1]: Finished Create list of static device nodes for the current kernel.",
    "[    2.016839] systemd[1]: Starting Create Static Device Nodes in /dev...",
    "[    2.030544] systemd[1]: Finished Create Static Device Nodes in /dev.",
    "[    2.043351] psmouse serio1: synaptics: Touchpad model: 1, fw: 8.2, id: 0x1e2a1, caps: 0xf00623/0x840300/0x12e800/0x400000, board id: 3096, fw id: 2430125",
    "[    2.066312] fuse: init (API version 7.31)",
    "[    2.066351] *** VALIDATE fuseblk ***",
    "[    2.066355] *** VALIDATE fuse ***",
    "[    2.067703] systemd[1]: Finished Load Kernel Modules.",
    "[    2.068844] systemd[1]: Starting Apply Kernel Variables...",
    "[    2.074124] usb 1-5: new high-speed USB device number 4 using xhci_hcd",
    "[    2.082565] input: SynPS/2 Synaptics TouchPad as /devices/platform/i8042/serio1/input/input6",
    "[    2.083074] systemd[1]: Finished Apply Kernel Variables.",
    "[    2.122122] tsc: Refined TSC clocksource calibration: 1992.006 MHz",
    "[    2.122128] clocksource: tsc: mask: 0xffffffffffffffff max_cycles: 0x396d5dac02a, max_idle_ns: 881590811122 ns",
    "[    2.122141] clocksource: Switched to clocksource tsc",
    "[    2.194846] systemd[1]: Finished Setup Virtual Console.",
    "[    2.195963] systemd[1]: Starting dracut ask for additional cmdline parameters...",
    "[    2.223875] systemd[1]: Finished dracut ask for additional cmdline parameters.",
    "[    2.225055] systemd[1]: Starting dracut cmdline hook...",
    "[    2.242943] usb 1-5: New USB device found, idVendor=0bda, idProduct=5769, bcdDevice=52.68",
    "[    2.242945] usb 1-5: New USB device strings: Mfr=3, Product=1, SerialNumber=2",
    "[    2.242947] usb 1-5: Product: Integrated_Webcam_HD",
    "[    2.242949] usb 1-5: Manufacturer: CN0F08KGLOG008AAA37AA02",
    "[    2.242951] usb 1-5: SerialNumber: 200901010001",
    "[    2.303766] systemd[1]: Finished dracut cmdline hook.",
    "[    2.304981] systemd[1]: Starting dracut pre-udev hook...",
    "[    2.356836] raid6: skip pq benchmark and using algorithm avx2x4",
    "[    2.356838] raid6: using avx2x2 recovery algorithm",
    "[    2.362119] usb 1-6: new high-speed USB device number 5 using xhci_hcd",
    "[    2.418855] xor: automatically using best checksumming function   avx       ",
    "[    2.488384] usb 1-6: New USB device found, idVendor=0bda, idProduct=0129, bcdDevice=39.60",
    "[    2.488387] usb 1-6: New USB device strings: Mfr=1, Product=2, SerialNumber=3",
    "[    2.488389] usb 1-6: Product: USB2.0-CRW",
    "[    2.488391] usb 1-6: Manufacturer: Generic",
    "[    2.488393] usb 1-6: SerialNumber: 20100201396000000",
    "[    2.603124] usb 1-8: new full-speed USB device number 6 using xhci_hcd",
    "[    2.698114] Btrfs loaded, crc32c=crc32c-intel",
    "[    2.716720] systemd[1]: Finished dracut pre-udev hook.",
    "[    2.717879] systemd[1]: Starting udev Kernel Device Manager...",
    "[    2.735931] usb 1-8: New USB device found, idVendor=0cf3, idProduct=e005, bcdDevice= 0.01",
    "[    2.735934] usb 1-8: New USB device strings: Mfr=0, Product=0, SerialNumber=0",
    "[    2.793891] systemd[1]: Started Journal Service.",
    "[    2.794043] audit: type=1130 audit(1589922236.046:2): pid=1 uid=0 auid=4294967295 ses=4294967295 subj=kernel msg='unit=systemd-journald comm=\"systemd\" exe=\"/usr/lib/systemd/systemd\" hostname=? addr=? terminal=? res=success'",
    "[    2.812865] audit: type=1130 audit(1589922236.065:3): pid=1 uid=0 auid=4294967295 ses=4294967295 subj=kernel msg='unit=systemd-tmpfiles-setup comm=\"systemd\" exe=\"/usr/lib/systemd/systemd\" hostname=? addr=? terminal=? res=success'",
    "[    3.460268] audit: type=1130 audit(1589922236.711:4): pid=1 uid=0 auid=4294967295 ses=4294967295 subj=kernel msg='unit=systemd-udevd comm=\"systemd\" exe=\"/usr/lib/systemd/systemd\" hostname=? addr=? terminal=? res=success'",
    "[    3.520250] usbcore: registered new interface driver rtsx_usb",
    "[    3.628554] audit: type=1130 audit(1589922236.879:5): pid=1 uid=0 auid=4294967295 ses=4294967295 subj=kernel msg='unit=systemd-udev-trigger comm=\"systemd\" exe=\"/usr/lib/systemd/systemd\" hostname=? addr=? terminal=? res=success'",
    "[    3.650401] audit: type=1130 audit(1589922236.902:6): pid=1 uid=0 auid=4294967295 ses=4294967295 subj=kernel msg='unit=plymouth-start comm=\"systemd\" exe=\"/usr/lib/systemd/systemd\" hostname=? addr=? terminal=? res=success'",
    "[    3.796686] i2c_hid i2c-DELL078C:00: i2c-DELL078C:00 supply vdd not found, using dummy regulator",
    "[    3.796712] i2c_hid i2c-DELL078C:00: i2c-DELL078C:00 supply vddl not found, using dummy regulator",
    "[    3.803119] wmi_bus wmi_bus-PNP0C14:00: WQBC data block query control method not found",
    "[    3.829869] input: DELL078C:00 06CB:78F6 Mouse as /devices/pci0000:00/0000:00:15.0/i2c_designware.0/i2c-0/i2c-DELL078C:00/0018:06CB:78F6.0004/input/input11",
    "[    3.834182] hid-generic 0018:06CB:78F6.0004: input,hidraw3: I2C HID v1.00 Mouse [DELL078C:00 06CB:78F6] on i2c-DELL078C:00",
    "[    3.910624] r8169 0000:02:00.0: can't disable ASPM; OS doesn't have ASPM control",
    "[    3.910632] r8169 0000:02:00.0: enabling device (0000 -> 0003)",
    "[    3.922625] libphy: r8169: probed",
    "[    3.922975] r8169 0000:02:00.0 eth0: RTL8106e, d0:94:66:b0:c9:4e, XID 449, IRQ 126",
    "[    4.031884] r8169 0000:02:00.0 enp2s0: renamed from eth0",
    "[    4.032743] BTRFS: device label NOSTROMO_SSD devid 1 transid 97864 /dev/sda3 scanned by systemd-udevd (396)",
    "[    4.211115] rmi4_f01 rmi4-00.fn01: found RMI device, manufacturer: Synaptics, product: TM3096-006, fw id: 2430125",
    "[    4.365197] input: Synaptics TM3096-006 as /devices/pci0000:00/0000:00:15.0/i2c_designware.0/i2c-0/i2c-DELL078C:00/0018:06CB:78F6.0004/input/input13",
    "[    4.365322] hid-rmi 0018:06CB:78F6.0004: input,hidraw3: I2C HID v1.00 Mouse [DELL078C:00 06CB:78F6] on i2c-DELL078C:00",
    "[    4.544695] checking generic (c0000000 3fc000) vs hw (d0000000 1000000)",
    "[    4.544697] checking generic (c0000000 3fc000) vs hw (c0000000 10000000)",
    "[    4.544698] fb0: switching to inteldrmfb from EFI VGA",
    "[    4.548154] i915 0000:00:02.0: vgaarb: deactivate vga console",
    "[    4.549808] [drm] Supports vblank timestamp caching Rev 2 (21.10.2013).",
    "[    4.549809] [drm] Driver supports precise vblank timestamp query.",
    "[    4.550530] i915 0000:00:02.0: vgaarb: changed VGA decodes: olddecodes=io+mem,decodes=io+mem:owns=io+mem",
    "[    4.551967] [drm] Finished loading DMC firmware i915/skl_dmc_ver1_27.bin (v1.27)",
    "[    5.415458] [drm] Initialized i915 1.6.0 20200114 for 0000:00:02.0 on minor 0",
    "[    5.418883] ACPI: Video Device [GFX0] (multi-head: yes  rom: no  post: no)",
    "[    5.420155] input: Video Bus as /devices/LNXSYSTM:00/LNXSYBUS:00/PNP0A08:00/LNXVIDEO:00/input/input14",
    "[    5.447518] fbcon: i915drmfb (fb0) is primary device",
    "[    5.447519] fbcon: Deferring console take-over",
    "[    5.447523] i915 0000:00:02.0: fb0: i915drmfb frame buffer device",
    "[    5.469828] audit: type=1130 audit(1589922238.721:7): pid=1 uid=0 auid=4294967295 ses=4294967295 subj=kernel msg='unit=dracut-initqueue comm=\"systemd\" exe=\"/usr/lib/systemd/systemd\" hostname=? addr=? terminal=? res=success'",
    "[    5.499798] audit: type=1130 audit(1589922238.751:8): pid=1 uid=0 auid=4294967295 ses=4294967295 subj=kernel msg='unit=systemd-fsck-root comm=\"systemd\" exe=\"/usr/lib/systemd/systemd\" hostname=? addr=? terminal=? res=success'",
    "[    5.509742] BTRFS info (device sda3): disk space caching is enabled",
    "[    5.509744] BTRFS info (device sda3): has skinny extents",
    "[    5.590119] BTRFS info (device sda3): enabling ssd optimizations",
    "[    5.626362] audit: type=1334 audit(1589922238.879:9): prog-id=5 op=UNLOAD",
    "[    5.627205] audit: type=1334 audit(1589922238.880:10): prog-id=4 op=UNLOAD",
    "[    5.627297] audit: type=1334 audit(1589922238.880:11): prog-id=3 op=UNLOAD",
    "[    5.639436] audit: type=1334 audit(1589922238.892:12): prog-id=7 op=UNLOAD",
    "[    5.639655] audit: type=1334 audit(1589922238.892:13): prog-id=6 op=UNLOAD",
    "[    5.884569] audit: type=1334 audit(1589922239.137:14): prog-id=8 op=LOAD",
    "[    5.884742] audit: type=1334 audit(1589922239.137:15): prog-id=9 op=LOAD",
    "[    5.892758] audit: type=1334 audit(1589922239.145:16): prog-id=10 op=LOAD",
    "[    6.256907] systemd-journald[291]: Received SIGTERM from PID 1 (systemd).",
    "[    6.474787] SELinux:  Runtime disable is deprecated, use selinux=0 on the kernel cmdline.",
    "[    6.474790] SELinux:  Disabled at runtime.",
    "[    6.553883] systemd[1]: systemd v245.4-1.fc32 running in system mode. (+PAM +AUDIT +SELINUX +IMA -APPARMOR +SMACK +SYSVINIT +UTMP +LIBCRYPTSETUP +GCRYPT +GNUTLS +ACL +XZ +LZ4 +SECCOMP +BLKID +ELFUTILS +KMOD +IDN2 -IDN +PCRE2 default-hierarchy=unified)",
    "[    6.565359] systemd[1]: Detected architecture x86-64.",
    "[    6.566854] systemd[1]: Set hostname to <nostromo>.",
    "[    6.567325] Lockdown: systemd: /dev/mem,kmem,port is restricted; see man kernel_lockdown.7",
    "[   13.192144] systemd[1]: /usr/lib/systemd/system/sssd.service:13: PIDFile= references a path below legacy directory /var/run/, updating /var/run/sssd.pid  /run/sssd.pid; please update the unit file accordingly.",
    "[   13.206454] systemd[1]: /usr/lib/systemd/system/sssd-kcm.socket:7: ListenStream= references a path below legacy directory /var/run/, updating /var/run/.heim_org.h5l.kcm-socket  /run/.heim_org.h5l.kcm-socket; please update the unit file accordingly.",
    "[   13.206876] systemd[1]: /usr/lib/systemd/system/pcscd.socket:5: ListenStream= references a path below legacy directory /var/run/, updating /var/run/pcscd/pcscd.comm  /run/pcscd/pcscd.comm; please update the unit file accordingly.",
    "[   13.261252] kauditd_printk_skb: 33 callbacks suppressed",
    "[   13.261253] audit: type=1334 audit(1589922246.514:50): prog-id=15 op=LOAD",
    "[   13.261481] audit: type=1334 audit(1589922246.514:51): prog-id=16 op=LOAD",
    "[   13.261533] audit: type=1334 audit(1589922246.514:52): prog-id=17 op=LOAD",
    "[   13.262766] audit: type=1131 audit(1589922246.515:53): pid=1 uid=0 auid=4294967295 ses=4294967295 msg='unit=systemd-journald comm=\"systemd\" exe=\"/usr/lib/systemd/systemd\" hostname=? addr=? terminal=? res=success'",
    "[   13.263051] systemd[1]: initrd-switch-root.service: Succeeded.",
    "[   13.263218] systemd[1]: Stopped Switch Root.",
    "[   13.263314] audit: type=1130 audit(1589922246.516:54): pid=1 uid=0 auid=4294967295 ses=4294967295 msg='unit=initrd-switch-root comm=\"systemd\" exe=\"/usr/lib/systemd/systemd\" hostname=? addr=? terminal=? res=success'",
    "[   13.263318] audit: type=1131 audit(1589922246.516:55): pid=1 uid=0 auid=4294967295 ses=4294967295 msg='unit=initrd-switch-root comm=\"systemd\" exe=\"/usr/lib/systemd/systemd\" hostname=? addr=? terminal=? res=success'",
    "[   13.263616] systemd[1]: systemd-journald.service: Scheduled restart job, restart counter is at 1.",
    "[   13.263846] systemd[1]: Created slice system-getty.slice.",
    "[   13.264086] systemd[1]: Created slice system-modprobe.slice.",
    "[   13.264335] systemd[1]: Created slice system-sshd\\x2dkeygen.slice.",
    "[   13.264555] systemd[1]: Created slice system-systemd\\x2dfsck.slice.",
    "[   13.264759] systemd[1]: Created slice User and Session Slice.",
    "[   13.264801] systemd[1]: Condition check resulted in Dispatch Password Requests to Console Directory Watch being skipped.",
    "[   13.264870] systemd[1]: Started Forward Password Requests to Wall Directory Watch.",
    "[   13.265100] systemd[1]: Set up automount Arbitrary Executable File Formats File System Automount Point.",
    "[   13.265161] systemd[1]: Reached target Login Prompts.",
    "[   13.265204] systemd[1]: Stopped target Switch Root.",
    "[   13.265239] systemd[1]: Stopped target Initrd File Systems.",
    "[   13.265267] systemd[1]: Stopped target Initrd Root File System.",
    "[   13.265325] systemd[1]: Reached target Slices.",
    "[   13.265432] systemd[1]: Listening on Device-mapper event daemon FIFOs.",
    "[   13.265563] systemd[1]: Listening on LVM2 poll daemon socket.",
    "[   13.265682] systemd[1]: Listening on multipathd control socket.",
    "[   13.267474] systemd[1]: Listening on Process Core Dump Socket.",
    "[   13.267562] systemd[1]: Listening on initctl Compatibility Named Pipe.",
    "[   13.267678] systemd[1]: Listening on udev Control Socket.",
    "[   13.267785] systemd[1]: Listening on udev Kernel Socket.",
    "[   13.268159] systemd[1]: Listening on User Database Manager Socket.",
    "[   13.268837] systemd[1]: Activating swap /dev/disk/by-uuid/61e6b1b6-5491-4457-be4e-4e348aacd7a3...",
    "[   13.269356] audit: type=1334 audit(1589922246.522:56): prog-id=15 op=UNLOAD",
    "[   13.270354] systemd[1]: Mounting Huge Pages File System...",
    "[   13.271328] systemd[1]: Mounting POSIX Message Queue File System...",
    "[   13.272557] systemd[1]: Mounting Kernel Debug File System...",
    "[   13.273943] systemd[1]: Mounting Kernel Trace File System...",
    "[   13.274259] systemd[1]: Condition check resulted in Kernel Module supporting RPCSEC_GSS being skipped.",
    "[   13.275672] systemd[1]: Starting Create list of static device nodes for the current kernel...",
    "[   13.276951] systemd[1]: Starting Monitoring of LVM2 mirrors, snapshots etc. using dmeventd or progress polling...",
    "[   13.277120] systemd[1]: Condition check resulted in Load Kernel Module drm being skipped.",
    "[   13.278569] systemd[1]: Starting Preprocess NFS configuration convertion...",
    "[   13.279091] systemd[1]: plymouth-switch-root.service: Succeeded.",
    "[   13.279448] systemd[1]: Stopped Plymouth switch root service.",
    "[   13.279661] audit: type=1131 audit(1589922246.532:57): pid=1 uid=0 auid=4294967295 ses=4294967295 msg='unit=plymouth-switch-root comm=\"systemd\" exe=\"/usr/lib/systemd/systemd\" hostname=? addr=? terminal=? res=success'",
    "[   13.283188] systemd[1]: Condition check resulted in Set Up Additional Binary Formats being skipped.",
    "[   13.283373] systemd[1]: systemd-fsck-root.service: Succeeded.",
    "[   13.283569] systemd[1]: Stopped File System Check on Root Device.",
    "[   13.283681] audit: type=1131 audit(1589922246.536:58): pid=1 uid=0 auid=4294967295 ses=4294967295 msg='unit=systemd-fsck-root comm=\"systemd\" exe=\"/usr/lib/systemd/systemd\" hostname=? addr=? terminal=? res=success'",
    "[   13.283748] systemd[1]: Stopped Journal Service.",
    "[   13.283822] audit: type=1130 audit(1589922246.536:59): pid=1 uid=0 auid=4294967295 ses=4294967295 msg='unit=systemd-journald comm=\"systemd\" exe=\"/usr/lib/systemd/systemd\" hostname=? addr=? terminal=? res=success'",
    "[   13.285476] systemd[1]: Starting Journal Service...",
    "[   13.287131] Adding 8388604k swap on /dev/sda2.  Priority:-2 extents:1 across:8388604k SSFS",
    "[   13.287366] systemd[1]: Starting Load Kernel Modules...",
    "[   13.288550] systemd[1]: Starting Remount Root and Kernel File Systems...",
    "[   13.289661] systemd[1]: Starting Repartition Root Disk...",
    "[   13.290840] systemd[1]: Starting udev Coldplug all Devices...",
    "[   13.292532] systemd[1]: sysroot.mount: Succeeded.",
    "[   13.294935] systemd[1]: Mounted Huge Pages File System.",
    "[   13.295248] systemd[1]: Mounted POSIX Message Queue File System.",
    "[   13.295507] systemd[1]: Mounted Kernel Debug File System.",
    "[   13.295727] systemd[1]: Mounted Kernel Trace File System.",
    "[   13.296242] systemd[1]: Finished Create list of static device nodes for the current kernel.",
    "[   13.296746] systemd[1]: nfs-convert.service: Succeeded.",
    "[   13.296993] systemd[1]: Finished Preprocess NFS configuration convertion.",
    "[   13.300455] systemd[1]: Activated swap /dev/disk/by-uuid/61e6b1b6-5491-4457-be4e-4e348aacd7a3.",
    "[   13.303776] BTRFS info (device sda3): disk space caching is enabled",
    "[   13.303960] systemd[1]: Finished Load Kernel Modules.",
    "[   13.305155] systemd[1]: Reached target Swap.",
    "[   13.306533] systemd[1]: Mounting FUSE Control File System...",
    "[   13.306751] systemd[1]: tmp.mount: Directory /tmp to mount over is not empty, mounting anyway.",
    "[   13.307907] systemd[1]: Mounting Temporary Directory (/tmp)...",
    "[   13.309170] systemd[1]: Starting Apply Kernel Variables...",
    "[   13.309850] systemd[1]: Finished Remount Root and Kernel File Systems.",
    "[   13.311330] systemd[1]: Mounted FUSE Control File System.",
    "[   13.311625] systemd[1]: Condition check resulted in OSTree Remount OS/ Bind Mounts being skipped.",
    "[   13.311693] systemd[1]: Condition check resulted in First Boot Wizard being skipped.",
    "[   13.315262] systemd[1]: Condition check resulted in Rebuild Hardware Database being skipped.",
    "[   13.316329] systemd[1]: Starting Load/Save Random Seed...",
    "[   13.316507] systemd[1]: Condition check resulted in Create System Users being skipped.",
    "[   13.317555] systemd[1]: Starting Create Static Device Nodes in /dev...",
    "[   13.319154] systemd[1]: Mounted Temporary Directory (/tmp).",
    "[   13.320927] systemd[1]: Finished Repartition Root Disk.",
    "[   13.336529] systemd[1]: Finished Apply Kernel Variables.",
    "[   13.353928] systemd[1]: Finished Load/Save Random Seed.",
    "[   13.363840] systemd[1]: Finished Create Static Device Nodes in /dev.",
    "[   13.365470] systemd[1]: Starting udev Kernel Device Manager...",
    "[   13.435524] systemd[1]: Finished udev Coldplug all Devices.",
    "[   13.436656] systemd[1]: Starting udev Wait for Complete Device Initialization...",
    "[   13.745701] systemd[1]: Started Journal Service.",
    "[   13.758155] systemd-journald[555]: Received client request to flush runtime journal.",
    "[   14.553686] proc_thermal 0000:00:04.0: enabling device (0000 -> 0002)",
    "[   14.563987] intel_rapl_common: Found RAPL domain package",
    "[   14.563988] intel_rapl_common: Found RAPL domain dram",
    "[   14.564169] proc_thermal 0000:00:04.0: Creating sysfs group for PROC_THERMAL_PCI",
    "[   14.675075] acpi INT33D5:00: intel-hid: created platform device",
    "[   14.675706] input: Intel HID events as /devices/platform/INT33D5:00/input/input15",
    "[   14.967005] idma64 idma64.0: Found Intel integrated DMA 64-bit",
    "[   14.967413] idma64 idma64.1: Found Intel integrated DMA 64-bit",
    "[   15.018122] i801_smbus 0000:00:1f.4: SPD Write Disable is set",
    "[   15.018166] i801_smbus 0000:00:1f.4: SMBus using PCI interrupt",
    "[   15.020743] mei_me 0000:00:16.0: enabling device (0004 -> 0006)",
    "[   15.111314] mc: Linux media interface: v0.10",
    "[   15.173081] Bluetooth: Core ver 2.22",
    "[   15.173098] NET: Registered protocol family 31",
    "[   15.173099] Bluetooth: HCI device and connection manager initialized",
    "[   15.173118] Bluetooth: HCI socket layer initialized",
    "[   15.173120] Bluetooth: L2CAP socket layer initialized",
    "[   15.173124] Bluetooth: SCO socket layer initialized",
    "[   15.212028] videodev: Linux video capture interface: v2.00",
    "[   15.251583] snd_hda_intel 0000:00:1f.3: enabling device (0000 -> 0002)",
    "[   15.251879] snd_hda_intel 0000:00:1f.3: bound 0000:00:02.0 (ops i915_audio_component_bind_ops [i915])",
    "[   15.262565] cfg80211: Loading compiled-in X.509 certificates for regulatory database",
    "[   15.262973] cfg80211: Loaded X.509 cert 'sforshee: 00b28ddf47aef9cea7'",
    "[   15.271746] usbcore: registered new interface driver btusb",
    "[   15.293393] usbcore: registered new interface driver ath3k",
    "[   15.293407] usb 1-8: USB disconnect, device number 6",
    "[   15.298617] input: PC Speaker as /devices/platform/pcspkr/input/input16",
    "[   15.352604] snd_hda_codec_realtek hdaudioC0D0: autoconfig for ALC3246: line_outs=1 (0x14/0x0/0x0/0x0/0x0) type:speaker",
    "[   15.352607] snd_hda_codec_realtek hdaudioC0D0:    speaker_outs=0 (0x0/0x0/0x0/0x0/0x0)",
    "[   15.352610] snd_hda_codec_realtek hdaudioC0D0:    hp_outs=1 (0x21/0x0/0x0/0x0/0x0)",
    "[   15.352611] snd_hda_codec_realtek hdaudioC0D0:    mono: mono_out=0x0",
    "[   15.352613] snd_hda_codec_realtek hdaudioC0D0:    inputs:",
    "[   15.352616] snd_hda_codec_realtek hdaudioC0D0:      Headset Mic=0x19",
    "[   15.352618] snd_hda_codec_realtek hdaudioC0D0:      Headphone Mic=0x1a",
    "[   15.352620] snd_hda_codec_realtek hdaudioC0D0:      Internal Mic=0x12",
    "[   15.377082] uvcvideo: Found UVC 1.00 device Integrated_Webcam_HD (0bda:5769)",
    "[   15.399826] uvcvideo 1-5:1.0: Entity type for entity Extension 4 was not initialized!",
    "[   15.399829] uvcvideo 1-5:1.0: Entity type for entity Extension 7 was not initialized!",
    "[   15.399831] uvcvideo 1-5:1.0: Entity type for entity Processing 2 was not initialized!",
    "[   15.399833] uvcvideo 1-5:1.0: Entity type for entity Camera 1 was not initialized!",
    "[   15.399945] input: Integrated_Webcam_HD: Integrate as /devices/pci0000:00/0000:00:14.0/usb1/1-5/1-5:1.0/input/input18",
    "[   15.400046] usbcore: registered new interface driver uvcvideo",
    "[   15.400047] USB Video Class driver (1.1.1)",
    "[   15.421455] input: HDA Intel PCH Headphone Mic as /devices/pci0000:00/0000:00:1f.3/sound/card0/input17",
    "[   15.421536] input: HDA Intel PCH HDMI/DP,pcm=3 as /devices/pci0000:00/0000:00:1f.3/sound/card0/input19",
    "[   15.421602] input: HDA Intel PCH HDMI/DP,pcm=7 as /devices/pci0000:00/0000:00:1f.3/sound/card0/input20",
    "[   15.421675] input: HDA Intel PCH HDMI/DP,pcm=8 as /devices/pci0000:00/0000:00:1f.3/sound/card0/input21",
    "[   15.421748] input: HDA Intel PCH HDMI/DP,pcm=9 as /devices/pci0000:00/0000:00:1f.3/sound/card0/input22",
    "[   15.421824] input: HDA Intel PCH HDMI/DP,pcm=10 as /devices/pci0000:00/0000:00:1f.3/sound/card0/input23",
    "[   15.434385] input: Dell WMI hotkeys as /devices/platform/PNP0C14:00/wmi_bus/wmi_bus-PNP0C14:00/9DBB5994-A997-11DA-B012-B622A1EF5492/input/input24",
    "[   15.498783] ath9k 0000:01:00.0: enabling device (0000 -> 0002)",
    "[   15.498996] ath: phy0: WB335 2-ANT card detected",
    "[   15.498998] ath: phy0: Set BT/WLAN RX diversity capability",
    "[   15.507425] ath: phy0: Enable LNA combining",
    "[   15.508555] ath: phy0: ASPM enabled: 0x42",
    "[   15.508557] ath: EEPROM regdomain: 0x6c",
    "[   15.508557] ath: EEPROM indicates we should expect a direct regpair map",
    "[   15.508560] ath: Country alpha2 being used: 00",
    "[   15.508560] ath: Regpair used: 0x6c",
    "[   15.509242] ieee80211 phy0: Selected rate control algorithm 'minstrel_ht'",
    "[   15.509685] ieee80211 phy0: Atheros AR9565 Rev:2 mem=0xffffa53f00900000, irq=16",
    "[   15.520186] RAPL PMU: API unit is 2^-32 Joules, 5 fixed counters, 655360 ms ovfl timer",
    "[   15.520187] RAPL PMU: hw unit of domain pp0-core 2^-14 Joules",
    "[   15.520188] RAPL PMU: hw unit of domain package 2^-14 Joules",
    "[   15.520189] RAPL PMU: hw unit of domain dram 2^-14 Joules",
    "[   15.520190] RAPL PMU: hw unit of domain pp1-gpu 2^-14 Joules",
    "[   15.520191] RAPL PMU: hw unit of domain psys 2^-14 Joules",
    "[   15.544082] usb 1-8: new full-speed USB device number 7 using xhci_hcd",
    "[   15.874942] intel_rapl_common: Found RAPL domain package",
    "[   15.874944] intel_rapl_common: Found RAPL domain core",
    "[   15.874946] intel_rapl_common: Found RAPL domain uncore",
    "[   15.874947] intel_rapl_common: Found RAPL domain dram",
    "[   15.980142] iTCO_vendor_support: vendor-support=0",
    "[   15.985368] iTCO_wdt: Intel TCO WatchDog Timer Driver v1.11",
    "[   15.985440] iTCO_wdt: Found a Intel PCH TCO device (Version=4, TCOBASE=0x0400)",
    "[   15.985573] iTCO_wdt: initialized. heartbeat=30 sec (nowayout=0)",
    "[   16.266594] ath9k 0000:01:00.0 wlp1s0: renamed from wlan0",
    "[   20.680504] usb 1-8: New USB device found, idVendor=0cf3, idProduct=e005, bcdDevice= 0.02",
    "[   20.680510] usb 1-8: New USB device strings: Mfr=0, Product=0, SerialNumber=0",
    "[   20.724278] kauditd_printk_skb: 26 callbacks suppressed",
    "[   20.724279] audit: type=1130 audit(1589922253.977:86): pid=1 uid=0 auid=4294967295 ses=4294967295 msg='unit=systemd-udev-settle comm=\"systemd\" exe=\"/usr/lib/systemd/systemd\" hostname=? addr=? terminal=? res=success'",
    "[   20.752207] audit: type=1130 audit(1589922254.005:87): pid=1 uid=0 auid=4294967295 ses=4294967295 msg='unit=dmraid-activation comm=\"systemd\" exe=\"/usr/lib/systemd/systemd\" hostname=? addr=? terminal=? res=success'",
    "[   20.752210] audit: type=1131 audit(1589922254.005:88): pid=1 uid=0 auid=4294967295 ses=4294967295 msg='unit=dmraid-activation comm=\"systemd\" exe=\"/usr/lib/systemd/systemd\" hostname=? addr=? terminal=? res=success'",
    "[   20.803300] audit: type=1130 audit(1589922254.056:89): pid=1 uid=0 auid=4294967295 ses=4294967295 msg='unit=systemd-fsck@dev-disk-by\\x2duuid-3F07\\x2dEFF3 comm=\"systemd\" exe=\"/usr/lib/systemd/systemd\" hostname=? addr=? terminal=? res=success'",
    "[   20.848681] audit: type=1130 audit(1589922254.101:90): pid=1 uid=0 auid=4294967295 ses=4294967295 msg='unit=dracut-shutdown comm=\"systemd\" exe=\"/usr/lib/systemd/systemd\" hostname=? addr=? terminal=? res=success'",
    "[   20.862937] audit: type=1130 audit(1589922254.115:91): pid=1 uid=0 auid=4294967295 ses=4294967295 msg='unit=plymouth-read-write comm=\"systemd\" exe=\"/usr/lib/systemd/systemd\" hostname=? addr=? terminal=? res=success'",
    "[   20.865975] audit: type=1130 audit(1589922254.118:92): pid=1 uid=0 auid=4294967295 ses=4294967295 msg='unit=import-state comm=\"systemd\" exe=\"/usr/lib/systemd/systemd\" hostname=? addr=? terminal=? res=success'",
    "[   20.892349] audit: type=1130 audit(1589922254.145:93): pid=1 uid=0 auid=4294967295 ses=4294967295 msg='unit=systemd-tmpfiles-setup comm=\"systemd\" exe=\"/usr/lib/systemd/systemd\" hostname=? addr=? terminal=? res=success'",
    "[   20.908635] audit: type=1305 audit(1589922254.161:94): op=set audit_enabled=1 old=1 auid=4294967295 ses=4294967295 res=1",
    "[   20.908644] audit: type=1305 audit(1589922254.161:95): op=set audit_pid=717 old=0 auid=4294967295 ses=4294967295 res=1",
    "[   20.946073] RPC: Registered named UNIX socket transport module.",
    "[   20.946075] RPC: Registered udp transport module.",
    "[   20.946075] RPC: Registered tcp transport module.",
    "[   20.946076] RPC: Registered tcp NFSv4.1 backchannel transport module.",
    "[   21.729328] Bluetooth: BNEP (Ethernet Emulation) ver 1.3",
    "[   21.729330] Bluetooth: BNEP filters: protocol multicast",
    "[   21.729334] Bluetooth: BNEP socket layer initialized",
    "[   24.235428] RTL8208 Fast Ethernet r8169-200:00: attached PHY driver [RTL8208 Fast Ethernet] (mii_bus:phy_addr=r8169-200:00, irq=IGNORE)",
    "[   24.492602] r8169 0000:02:00.0 enp2s0: Link is Down",
    "[   25.068573] Lockdown: Xorg: raw io port access is restricted; see man kernel_lockdown.7",
    "[   28.135377] Lockdown: systemd-logind: hibernation is restricted; see man kernel_lockdown.7",
    "[   28.139720] Lockdown: systemd-logind: hibernation is restricted; see man kernel_lockdown.7",
    "[   28.142260] Lockdown: systemd-logind: hibernation is restricted; see man kernel_lockdown.7",
    "[   29.864156] wlp1s0: authenticate with a4:91:b1:c2:85:47",
    "[   29.877160] wlp1s0: send auth to a4:91:b1:c2:85:47 (try 1/3)",
    "[   29.882147] wlp1s0: authenticated",
    "[   29.883047] wlp1s0: associate with a4:91:b1:c2:85:47 (try 1/3)",
    "[   29.905157] wlp1s0: RX AssocResp from a4:91:b1:c2:85:47 (capab=0x1411 status=0 aid=6)",
    "[   29.905263] wlp1s0: associated",
    "[   30.079189] IPv6: ADDRCONF(NETDEV_CHANGE): wlp1s0: link becomes ready",
    "[  102.220305] Lockdown: systemd-logind: hibernation is restricted; see man kernel_lockdown.7",
    "[  102.241167] Lockdown: systemd-logind: hibernation is restricted; see man kernel_lockdown.7",
    "[  102.244734] Lockdown: systemd-logind: hibernation is restricted; see man kernel_lockdown.7",
    "[  102.246965] Lockdown: systemd-logind: hibernation is restricted; see man kernel_lockdown.7",
    "[  102.247005] Lockdown: systemd-logind: hibernation is restricted; see man kernel_lockdown.7",
    "[  102.682370] Bluetooth: RFCOMM TTY layer initialized",
    "[  102.682380] Bluetooth: RFCOMM socket layer initialized",
    "[  102.682386] Bluetooth: RFCOMM ver 1.11",
    "[ 1525.835309] wlp1s0: authenticate with a4:91:b1:c2:85:47",
    "[ 1525.847885] wlp1s0: send auth to a4:91:b1:c2:85:47 (try 1/3)",
    "[ 1525.887424] wlp1s0: authenticated",
    "[ 1525.890594] wlp1s0: associate with a4:91:b1:c2:85:47 (try 1/3)",
    "[ 1525.907356] wlp1s0: RX AssocResp from a4:91:b1:c2:85:47 (capab=0x1411 status=0 aid=4)",
    "[ 1525.907519] wlp1s0: associated",
    "[ 1940.874933] perf: interrupt took too long (2538 > 2500), lowering kernel.perf_event_max_sample_rate to 78000",
    "[ 2720.805006] perf: interrupt took too long (3183 > 3172), lowering kernel.perf_event_max_sample_rate to 62000",
    "[ 3863.349336] perf: interrupt took too long (4024 > 3978), lowering kernel.perf_event_max_sample_rate to 49000",
    "[ 5908.412368] perf: interrupt took too long (5061 > 5030), lowering kernel.perf_event_max_sample_rate to 39000",
    "[ 9895.007428] perf: interrupt took too long (6386 > 6326), lowering kernel.perf_event_max_sample_rate to 31000"
  ]